// Jest Snapshot v1, https://goo.gl/fbAQLP

exports[`InputAction component should render an icon button when receive action icon 1`] = `
Array [
  ".sharedRippleEffect-0-2-10 {
  top: 0;
  left: 0;
  width: 100%;
  height: 100%;
  content: \\" \\";
  z-index: -1;
  position: absolute;
}
.wrapper-0-2-11 {
  height: fit-content;
  outline: none;
  position: relative;
}
.wrapper-0-2-11:focus:after {
  top: 0;
  left: 0;
  width: 100%;
  height: 100%;
  content: \\" \\";
  opacity: 0.16;
  z-index: -1;
  position: absolute;
}
.wrapper-0-2-11:hover:after {
  top: 0;
  left: 0;
  width: 100%;
  height: 100%;
  content: \\" \\";
  z-index: -1;
  position: absolute;
}
.ripple-0-2-12 {
  opacity: 0;
  position: absolute;
  transform: translate(-50%, -50%);
  border-radius: 50%;
}
.rippleContainer-0-2-13 {
  inset: 0;
  position: absolute;
}
.rippleActive-0-2-14 {
  z-index: 99;
}
@keyframes keyframes-ripple-0-2-15 {
  0% {
    transform: translate(-50%, -50%) scale(0);
  }
  75% {
    opacity: 0.12;
    transform: translate(-50%, -50%) scale(1);
  }
  100% {
    opacity: 0;
    z-index: 0;
  }
}
  .wrapper-d0-0-2-16 {
    cursor: pointer;
    display: inline-block;
    align-self: start;
  }
  .wrapper-d0-0-2-16:focus:after {
    border-radius: none;
  }
  .wrapper-d0-0-2-16:hover:after {
    background-color: #111111;
    opacity: 0;
    border-radius: none;
  }
  .ripple-d1-0-2-17 {
    background-color: #111111;
    height: 0;
    left: 50%;
    top: 50%;
    transition: scale opacity 300ms;
    width: 0;
  }
  .rippleContainer-d2-0-2-18 {
    overflow: hidden;
    border-radius: 4px;
  }
  .rippleActive-d3-0-2-19 {
    animation: keyframes-ripple-0-2-15 300ms;
  }
  .base-0-2-8 {
    border: none;
    cursor: pointer;
    display: flex;
    outline: none;
    align-items: center;
    justify-content: center;
  }
  .base-0-2-8:disabled {
    cursor: default;
  }
  .base-d0-0-2-9 {
    height: 32px;
    width: 32px;
  }
  .iconButtonContainer-0-2-6 {
    overflow: hidden;
    position: relative;
  }
  .iconButtonContainer-0-2-6:after {
    top: 0;
    left: 0;
    width: 100%;
    height: 100%;
    content: \\" \\";
    opacity: 0;
    position: absolute;
    background-color: #111111;
  }
  .iconButtonContainer-0-2-6:hover:not([disabled]):after {
    opacity: 0.04;
  }
  .iconButtonContainer-0-2-6:focus:not([disabled]):after {
    opacity: 0.12;
  }
  .iconButtonContainer-0-2-6:disabled {
    cursor: default;
  }
  .iconButtonContainer-d0-0-2-7 {
    background-color: transparent;
    border-radius: 16px;
    width: 32px;
  }
  .container-0-2-1 {  }
  .wrapper-0-2-2 {
    display: flex;
    overflow: hidden;
    align-items: center;
    border-top-right-radius: 3px;
    border-bottom-right-radius: 3px;
  }
  .image-0-2-3 {
    max-width: 64px;
    object-fit: cover;
    border-radius: 4px;
    border-top-left-radius: 0;
    border-bottom-left-radius: 0;
  }
  .container-d0-0-2-4 {
    margin-right: 8px;
  }
  .wrapper-d1-0-2-5 {  }
  .icon-0-2-20 {
    font-family: natds-icons;
    user-select: none;
    pointer-events: none;
  }
  .icon-d0-0-2-21 {
    color: #363636;
    font-size: 24px;
  }",
  <div>
    <div
      class="container-0-2-1 container-d0-0-2-4"
    >
      <div
        class="wrapper-0-2-11 wrapper-d0-0-2-16"
        data-testid="ripple-wrapper"
        tabindex="-1"
      >
        <div
          class="rippleContainer-0-2-13 rippleContainer-d2-0-2-18"
        >
          <div
            class="ripple-0-2-12 ripple-d1-0-2-17 "
            data-testid="ripple-animation"
          />
        </div>
        <button
          aria-label="some rating icon button"
          class=" iconButtonContainer-0-2-6 iconButtonContainer-d0-0-2-7 IconButton-gaya base-0-2-8 base-d0-0-2-9"
          data-testid="ds-input-action-icon"
          type="button"
        >
          <i
            aria-hidden="true"
            class=" icon-0-2-20 icon-d0-0-2-21 natds-icons natds-icons-filled-action-rating Icon-gaya"
            data-testid="icon-filled-action-rating"
            role="img"
          />
        </button>
      </div>
    </div>
  </div>,
]
`;

exports[`InputAction component should render correctly when type is multiline 1`] = `
Array [
  ".container-0-2-1 {}
.wrapper-0-2-2 {
  display: flex;
  overflow: hidden;
  align-items: center;
  border-top-right-radius: 3px;
  border-bottom-right-radius: 3px;
}
.image-0-2-3 {
  max-width: 64px;
  object-fit: cover;
  border-radius: 4px;
  border-top-left-radius: 0;
  border-bottom-left-radius: 0;
}
.container-d0-0-2-4 {}
.wrapper-d1-0-2-5 {}",
  <div>
    <div
      class="container-0-2-1 container-d0-0-2-4"
    >
      <div
        class="wrapper-0-2-2 wrapper-d1-0-2-5"
      >
        <img
          alt=""
          class="image-0-2-3"
          data-testid="ds-input-action-image"
          src=""
        />
      </div>
    </div>
  </div>,
]
`;
