// Jest Snapshot v1, https://goo.gl/fbAQLP

exports[`Logo component should render correctly with custom color 1`] = `
Array [
  ".root-0-2-1 {}
.root-0-2-1 svg {
  height: 100%;
}
.root-0-2-1 svg path {}
.root-0-2-1 svg path#id-avonV2-b-custom {}
.root-d0-0-2-2 {}
.root-d0-0-2-2 svg {
  width: 256px;
}
.root-d0-0-2-2 svg path {
  fill: #f4ab34;
}
.root-d0-0-2-2 svg path#id-avonV2-b-custom {
  fill: #fff;
}",
  <div>
    <div
      aria-label="logo"
      class=" root-0-2-1 root-d0-0-2-2 Logo-gaya"
      role="img"
    >
      <svg
        fill="none"
        height="32"
        viewBox="0 0 148 32"
        width="148"
        xmlns="http://www.w3.org/2000/svg"
      >
        <path
          d="M58.213 14.569c-5.39 0-8.408 3.234-8.408 8.48v6.9h3.665v-7.26c0-4.024 1.438-6.467 4.744-6.467 3.09 0 4.527 2.443 4.527 6.468v7.258h3.665V23.05c0-5.246-2.73-8.48-8.193-8.48zM77.905 14.569c-4.384 0-8.408 2.946-8.408 8.12 0 4.888 3.306 7.762 7.905 7.762 2.444 0 4.312-1.006 5.318-2.874v2.371h3.522v-6.827c0-5.246-2.875-8.552-8.337-8.552zm0 14.23c-3.234 0-4.743-2.157-4.743-6.11 0-3.593 1.51-6.468 4.743-6.468 3.234 0 4.672 2.875 4.672 6.469 0 3.737-1.94 6.108-4.672 6.108zM113.839 22.33c0 4.025-1.293 6.469-4.456 6.469-3.018 0-4.312-2.444-4.312-6.469v-7.258h-3.665v6.9c0 5.245 2.587 8.48 7.977 8.48 5.247 0 8.121-3.235 8.121-8.48v-6.9h-3.665v7.258zM139.137 14.569c-4.384 0-8.409 2.946-8.409 8.12 0 4.888 3.306 7.762 7.906 7.762 2.443 0 4.312-1.006 5.318-2.874v2.371h3.521v-6.827c0-5.246-2.875-8.552-8.336-8.552zm0 14.23c-3.235 0-4.744-2.157-4.744-6.11 0-3.593 1.509-6.468 4.744-6.468 3.234 0 4.671 2.875 4.671 6.469 0 3.737-1.941 6.108-4.671 6.108zM121.457 21.468v8.48h3.665v-8.911c0-2.875.647-4.744 3.594-4.744.359 0 .79 0 1.221.072v-1.51c-.79-.215-1.581-.287-2.371-.287-3.522 0-6.109 2.013-6.109 6.9zM96.734 28.727c-1.796 0-2.874-1.15-2.874-4.672v-7.258h4.815v-1.725H93.86v-3.737h-3.666V23.48c0 5.319 2.875 6.971 5.965 6.971 1.51 0 2.875-.43 3.881-1.15-.359-.358-.647-.79-.79-1.221-.719.431-1.51.647-2.516.647zM37.304 7.747c0 2.115-1.073 4.685-1.837 6.042-.422.752-.526.925-.526 1.042 0 .083.05.153.149.153.508 0 4.743-3.26 7.715-3.26 1.741 0 3.335.925 3.335 3.11 0 2.244-1.485 5.814-6.432 8.464-.354.19-1.096.584-1.616.86-.666.352-.84.525-.84.745 0 .562 1.966.294 1.966 1.445 0 .614-.75 1.631-2.714 2.728-1.795 1.003-4.188 1.826-7.163 1.826-2.118 0-3.306-.415-3.532-.415-.087 0-.154.026-.249.109-.122.107-1.64 1.404-5.17 1.404-4.057 0-8.603-1.662-8.603-3.212 0-.754.954-.965.954-1.126 0-.066-.113-.09-.158-.102C6.918 26.033.526 23.014.526 18.944c0-1.125.795-1.706 1.94-1.706 1.99 0 4.745.921 5.344.921.147 0 .202-.08.202-.161 0-.11-.089-.234-.26-.38-3.63-3.083-5.143-5.919-5.143-8.291 0-3.07 2.216-5.394 5.16-5.973 5.427-1.067 8.699 3.563 11.59 7.283.08.104.227.32.408.32.222 0 .279-.215.48-1.03.2-.817.26-1.068.518-2.114C21.61 4.37 23.652 0 29.544 0c3.468 0 7.76 2.347 7.76 7.747zm-16.79 7.739c-1.096 0-1.674-.615-2.793-2.014-.178-.223-.953-1.161-1.15-1.4-2.708-3.268-4.672-4.744-6.915-4.744-1.355 0-3.388.758-3.388 3.343 0 .337.044 1.786 1.447 3.502 1.788 2.185 4.377 5.073 4.614 5.343.242.275.37.568.368.829-.001.145-.046.78-1.127.78-1.054 0-5.664-1.35-7.278-1.35-.749 0-1.23.324-1.23.873 0 1.417 2.766 4.331 11.46 6.292 1.092.246 1.188.637 1.188.77 0 .509-1.353.744-1.353 1.605 0 1.264 4.088 1.825 5.26 1.825 2.086 0 3.11-.612 3.888-1.146.664-.456 1.042-.632 1.486-.632.933 0 1.805.583 4.639.583 3.447 0 7.066-1.8 7.066-2.78 0-.382-.573-.48-1.86-.903-.676-.223-1.065-.497-1.065-.918 0-.402.33-.718 1.304-1.141a68.777 68.777 0 0 0 2.556-1.155c4.191-2.02 5.816-4.483 5.826-6.264.006-1.142-.65-1.917-1.72-1.917-1.408 0-2.953.815-4.46 1.578-2.819 1.43-3.846 1.975-4.834 1.975-.7 0-1.027-.598-1.032-.952a1.93 1.93 0 0 1 .125-.692c.364-.986.623-1.645 1.021-2.701.586-1.554 1.296-3.329 1.296-5.083 0-2.744-2.13-4.614-4.926-4.614-3.13 0-4.469 2.95-5.263 5.296-.217.64-1.041 3.14-1.293 3.89-.439 1.31-1.018 1.922-1.857 1.922z"
          fill="#111"
        />
      </svg>
    </div>
  </div>,
]
`;

exports[`Logo component should render correctly with default props 1`] = `
Array [
  ".root-0-2-1 {}
.root-0-2-1 svg {
  height: 100%;
}
.root-0-2-1 svg path {}
.root-0-2-1 svg path#id-avonV2-b-custom {}
.root-d0-0-2-2 {}
.root-d0-0-2-2 svg {
  width: 256px;
}
.root-d0-0-2-2 svg path {}
.root-d0-0-2-2 svg path#id-avonV2-b-custom {
  fill: #fff;
}",
  <div>
    <div
      aria-label="logo"
      class=" root-0-2-1 root-d0-0-2-2 Logo-gaya"
      role="img"
    >
      <svg
        fill="none"
        height="32"
        viewBox="0 0 148 32"
        width="148"
        xmlns="http://www.w3.org/2000/svg"
      >
        <path
          d="M58.213 14.569c-5.39 0-8.408 3.234-8.408 8.48v6.9h3.665v-7.26c0-4.024 1.438-6.467 4.744-6.467 3.09 0 4.527 2.443 4.527 6.468v7.258h3.665V23.05c0-5.246-2.73-8.48-8.193-8.48zM77.905 14.569c-4.384 0-8.408 2.946-8.408 8.12 0 4.888 3.306 7.762 7.905 7.762 2.444 0 4.312-1.006 5.318-2.874v2.371h3.522v-6.827c0-5.246-2.875-8.552-8.337-8.552zm0 14.23c-3.234 0-4.743-2.157-4.743-6.11 0-3.593 1.51-6.468 4.743-6.468 3.234 0 4.672 2.875 4.672 6.469 0 3.737-1.94 6.108-4.672 6.108zM113.839 22.33c0 4.025-1.293 6.469-4.456 6.469-3.018 0-4.312-2.444-4.312-6.469v-7.258h-3.665v6.9c0 5.245 2.587 8.48 7.977 8.48 5.247 0 8.121-3.235 8.121-8.48v-6.9h-3.665v7.258zM139.137 14.569c-4.384 0-8.409 2.946-8.409 8.12 0 4.888 3.306 7.762 7.906 7.762 2.443 0 4.312-1.006 5.318-2.874v2.371h3.521v-6.827c0-5.246-2.875-8.552-8.336-8.552zm0 14.23c-3.235 0-4.744-2.157-4.744-6.11 0-3.593 1.509-6.468 4.744-6.468 3.234 0 4.671 2.875 4.671 6.469 0 3.737-1.941 6.108-4.671 6.108zM121.457 21.468v8.48h3.665v-8.911c0-2.875.647-4.744 3.594-4.744.359 0 .79 0 1.221.072v-1.51c-.79-.215-1.581-.287-2.371-.287-3.522 0-6.109 2.013-6.109 6.9zM96.734 28.727c-1.796 0-2.874-1.15-2.874-4.672v-7.258h4.815v-1.725H93.86v-3.737h-3.666V23.48c0 5.319 2.875 6.971 5.965 6.971 1.51 0 2.875-.43 3.881-1.15-.359-.358-.647-.79-.79-1.221-.719.431-1.51.647-2.516.647zM37.304 7.747c0 2.115-1.073 4.685-1.837 6.042-.422.752-.526.925-.526 1.042 0 .083.05.153.149.153.508 0 4.743-3.26 7.715-3.26 1.741 0 3.335.925 3.335 3.11 0 2.244-1.485 5.814-6.432 8.464-.354.19-1.096.584-1.616.86-.666.352-.84.525-.84.745 0 .562 1.966.294 1.966 1.445 0 .614-.75 1.631-2.714 2.728-1.795 1.003-4.188 1.826-7.163 1.826-2.118 0-3.306-.415-3.532-.415-.087 0-.154.026-.249.109-.122.107-1.64 1.404-5.17 1.404-4.057 0-8.603-1.662-8.603-3.212 0-.754.954-.965.954-1.126 0-.066-.113-.09-.158-.102C6.918 26.033.526 23.014.526 18.944c0-1.125.795-1.706 1.94-1.706 1.99 0 4.745.921 5.344.921.147 0 .202-.08.202-.161 0-.11-.089-.234-.26-.38-3.63-3.083-5.143-5.919-5.143-8.291 0-3.07 2.216-5.394 5.16-5.973 5.427-1.067 8.699 3.563 11.59 7.283.08.104.227.32.408.32.222 0 .279-.215.48-1.03.2-.817.26-1.068.518-2.114C21.61 4.37 23.652 0 29.544 0c3.468 0 7.76 2.347 7.76 7.747zm-16.79 7.739c-1.096 0-1.674-.615-2.793-2.014-.178-.223-.953-1.161-1.15-1.4-2.708-3.268-4.672-4.744-6.915-4.744-1.355 0-3.388.758-3.388 3.343 0 .337.044 1.786 1.447 3.502 1.788 2.185 4.377 5.073 4.614 5.343.242.275.37.568.368.829-.001.145-.046.78-1.127.78-1.054 0-5.664-1.35-7.278-1.35-.749 0-1.23.324-1.23.873 0 1.417 2.766 4.331 11.46 6.292 1.092.246 1.188.637 1.188.77 0 .509-1.353.744-1.353 1.605 0 1.264 4.088 1.825 5.26 1.825 2.086 0 3.11-.612 3.888-1.146.664-.456 1.042-.632 1.486-.632.933 0 1.805.583 4.639.583 3.447 0 7.066-1.8 7.066-2.78 0-.382-.573-.48-1.86-.903-.676-.223-1.065-.497-1.065-.918 0-.402.33-.718 1.304-1.141a68.777 68.777 0 0 0 2.556-1.155c4.191-2.02 5.816-4.483 5.826-6.264.006-1.142-.65-1.917-1.72-1.917-1.408 0-2.953.815-4.46 1.578-2.819 1.43-3.846 1.975-4.834 1.975-.7 0-1.027-.598-1.032-.952a1.93 1.93 0 0 1 .125-.692c.364-.986.623-1.645 1.021-2.701.586-1.554 1.296-3.329 1.296-5.083 0-2.744-2.13-4.614-4.926-4.614-3.13 0-4.469 2.95-5.263 5.296-.217.64-1.041 3.14-1.293 3.89-.439 1.31-1.018 1.922-1.857 1.922z"
          fill="#EB6619"
        />
      </svg>
    </div>
  </div>,
]
`;

exports[`Logo component should render correctly with medium size 1`] = `
Array [
  ".root-0-2-1 {}
.root-0-2-1 svg {
  height: 100%;
}
.root-0-2-1 svg path {}
.root-0-2-1 svg path#id-avonV2-b-custom {}
.root-d0-0-2-2 {}
.root-d0-0-2-2 svg {
  width: 48px;
}
.root-d0-0-2-2 svg path {}
.root-d0-0-2-2 svg path#id-avonV2-b-custom {
  fill: #fff;
}",
  <div>
    <div
      aria-label="logo"
      class=" root-0-2-1 root-d0-0-2-2 Logo-gaya"
      role="img"
    >
      <svg
        fill="none"
        height="32"
        viewBox="0 0 148 32"
        width="148"
        xmlns="http://www.w3.org/2000/svg"
      >
        <path
          d="M58.213 14.569c-5.39 0-8.408 3.234-8.408 8.48v6.9h3.665v-7.26c0-4.024 1.438-6.467 4.744-6.467 3.09 0 4.527 2.443 4.527 6.468v7.258h3.665V23.05c0-5.246-2.73-8.48-8.193-8.48zM77.905 14.569c-4.384 0-8.408 2.946-8.408 8.12 0 4.888 3.306 7.762 7.905 7.762 2.444 0 4.312-1.006 5.318-2.874v2.371h3.522v-6.827c0-5.246-2.875-8.552-8.337-8.552zm0 14.23c-3.234 0-4.743-2.157-4.743-6.11 0-3.593 1.51-6.468 4.743-6.468 3.234 0 4.672 2.875 4.672 6.469 0 3.737-1.94 6.108-4.672 6.108zM113.839 22.33c0 4.025-1.293 6.469-4.456 6.469-3.018 0-4.312-2.444-4.312-6.469v-7.258h-3.665v6.9c0 5.245 2.587 8.48 7.977 8.48 5.247 0 8.121-3.235 8.121-8.48v-6.9h-3.665v7.258zM139.137 14.569c-4.384 0-8.409 2.946-8.409 8.12 0 4.888 3.306 7.762 7.906 7.762 2.443 0 4.312-1.006 5.318-2.874v2.371h3.521v-6.827c0-5.246-2.875-8.552-8.336-8.552zm0 14.23c-3.235 0-4.744-2.157-4.744-6.11 0-3.593 1.509-6.468 4.744-6.468 3.234 0 4.671 2.875 4.671 6.469 0 3.737-1.941 6.108-4.671 6.108zM121.457 21.468v8.48h3.665v-8.911c0-2.875.647-4.744 3.594-4.744.359 0 .79 0 1.221.072v-1.51c-.79-.215-1.581-.287-2.371-.287-3.522 0-6.109 2.013-6.109 6.9zM96.734 28.727c-1.796 0-2.874-1.15-2.874-4.672v-7.258h4.815v-1.725H93.86v-3.737h-3.666V23.48c0 5.319 2.875 6.971 5.965 6.971 1.51 0 2.875-.43 3.881-1.15-.359-.358-.647-.79-.79-1.221-.719.431-1.51.647-2.516.647zM37.304 7.747c0 2.115-1.073 4.685-1.837 6.042-.422.752-.526.925-.526 1.042 0 .083.05.153.149.153.508 0 4.743-3.26 7.715-3.26 1.741 0 3.335.925 3.335 3.11 0 2.244-1.485 5.814-6.432 8.464-.354.19-1.096.584-1.616.86-.666.352-.84.525-.84.745 0 .562 1.966.294 1.966 1.445 0 .614-.75 1.631-2.714 2.728-1.795 1.003-4.188 1.826-7.163 1.826-2.118 0-3.306-.415-3.532-.415-.087 0-.154.026-.249.109-.122.107-1.64 1.404-5.17 1.404-4.057 0-8.603-1.662-8.603-3.212 0-.754.954-.965.954-1.126 0-.066-.113-.09-.158-.102C6.918 26.033.526 23.014.526 18.944c0-1.125.795-1.706 1.94-1.706 1.99 0 4.745.921 5.344.921.147 0 .202-.08.202-.161 0-.11-.089-.234-.26-.38-3.63-3.083-5.143-5.919-5.143-8.291 0-3.07 2.216-5.394 5.16-5.973 5.427-1.067 8.699 3.563 11.59 7.283.08.104.227.32.408.32.222 0 .279-.215.48-1.03.2-.817.26-1.068.518-2.114C21.61 4.37 23.652 0 29.544 0c3.468 0 7.76 2.347 7.76 7.747zm-16.79 7.739c-1.096 0-1.674-.615-2.793-2.014-.178-.223-.953-1.161-1.15-1.4-2.708-3.268-4.672-4.744-6.915-4.744-1.355 0-3.388.758-3.388 3.343 0 .337.044 1.786 1.447 3.502 1.788 2.185 4.377 5.073 4.614 5.343.242.275.37.568.368.829-.001.145-.046.78-1.127.78-1.054 0-5.664-1.35-7.278-1.35-.749 0-1.23.324-1.23.873 0 1.417 2.766 4.331 11.46 6.292 1.092.246 1.188.637 1.188.77 0 .509-1.353.744-1.353 1.605 0 1.264 4.088 1.825 5.26 1.825 2.086 0 3.11-.612 3.888-1.146.664-.456 1.042-.632 1.486-.632.933 0 1.805.583 4.639.583 3.447 0 7.066-1.8 7.066-2.78 0-.382-.573-.48-1.86-.903-.676-.223-1.065-.497-1.065-.918 0-.402.33-.718 1.304-1.141a68.777 68.777 0 0 0 2.556-1.155c4.191-2.02 5.816-4.483 5.826-6.264.006-1.142-.65-1.917-1.72-1.917-1.408 0-2.953.815-4.46 1.578-2.819 1.43-3.846 1.975-4.834 1.975-.7 0-1.027-.598-1.032-.952a1.93 1.93 0 0 1 .125-.692c.364-.986.623-1.645 1.021-2.701.586-1.554 1.296-3.329 1.296-5.083 0-2.744-2.13-4.614-4.926-4.614-3.13 0-4.469 2.95-5.263 5.296-.217.64-1.041 3.14-1.293 3.89-.439 1.31-1.018 1.922-1.857 1.922z"
          fill="#EB6619"
        />
      </svg>
    </div>
  </div>,
]
`;

exports[`Logo component should render correctly with secondary language default 1`] = `
Array [
  ".root-0-2-1 {}
.root-0-2-1 svg {
  height: 100%;
}
.root-0-2-1 svg path {}
.root-0-2-1 svg path#id-avonV2-b-custom {}
.root-d0-0-2-2 {}
.root-d0-0-2-2 svg {
  width: 256px;
}
.root-d0-0-2-2 svg path {}
.root-d0-0-2-2 svg path#id-avonV2-b-custom {
  fill: #fff;
}",
  <div>
    <div
      aria-label="logo"
      class=" root-0-2-1 root-d0-0-2-2 Logo-gaya"
      role="img"
    >
      <svg
        fill="none"
        height="32"
        viewBox="0 0 148 32"
        width="148"
        xmlns="http://www.w3.org/2000/svg"
      >
        <path
          d="M58.213 14.569c-5.39 0-8.408 3.234-8.408 8.48v6.9h3.665v-7.26c0-4.024 1.438-6.467 4.744-6.467 3.09 0 4.527 2.443 4.527 6.468v7.258h3.665V23.05c0-5.246-2.73-8.48-8.193-8.48zM77.905 14.569c-4.384 0-8.408 2.946-8.408 8.12 0 4.888 3.306 7.762 7.905 7.762 2.444 0 4.312-1.006 5.318-2.874v2.371h3.522v-6.827c0-5.246-2.875-8.552-8.337-8.552zm0 14.23c-3.234 0-4.743-2.157-4.743-6.11 0-3.593 1.51-6.468 4.743-6.468 3.234 0 4.672 2.875 4.672 6.469 0 3.737-1.94 6.108-4.672 6.108zM113.839 22.33c0 4.025-1.293 6.469-4.456 6.469-3.018 0-4.312-2.444-4.312-6.469v-7.258h-3.665v6.9c0 5.245 2.587 8.48 7.977 8.48 5.247 0 8.121-3.235 8.121-8.48v-6.9h-3.665v7.258zM139.137 14.569c-4.384 0-8.409 2.946-8.409 8.12 0 4.888 3.306 7.762 7.906 7.762 2.443 0 4.312-1.006 5.318-2.874v2.371h3.521v-6.827c0-5.246-2.875-8.552-8.336-8.552zm0 14.23c-3.235 0-4.744-2.157-4.744-6.11 0-3.593 1.509-6.468 4.744-6.468 3.234 0 4.671 2.875 4.671 6.469 0 3.737-1.941 6.108-4.671 6.108zM121.457 21.468v8.48h3.665v-8.911c0-2.875.647-4.744 3.594-4.744.359 0 .79 0 1.221.072v-1.51c-.79-.215-1.581-.287-2.371-.287-3.522 0-6.109 2.013-6.109 6.9zM96.734 28.727c-1.796 0-2.874-1.15-2.874-4.672v-7.258h4.815v-1.725H93.86v-3.737h-3.666V23.48c0 5.319 2.875 6.971 5.965 6.971 1.51 0 2.875-.43 3.881-1.15-.359-.358-.647-.79-.79-1.221-.719.431-1.51.647-2.516.647zM37.304 7.747c0 2.115-1.073 4.685-1.837 6.042-.422.752-.526.925-.526 1.042 0 .083.05.153.149.153.508 0 4.743-3.26 7.715-3.26 1.741 0 3.335.925 3.335 3.11 0 2.244-1.485 5.814-6.432 8.464-.354.19-1.096.584-1.616.86-.666.352-.84.525-.84.745 0 .562 1.966.294 1.966 1.445 0 .614-.75 1.631-2.714 2.728-1.795 1.003-4.188 1.826-7.163 1.826-2.118 0-3.306-.415-3.532-.415-.087 0-.154.026-.249.109-.122.107-1.64 1.404-5.17 1.404-4.057 0-8.603-1.662-8.603-3.212 0-.754.954-.965.954-1.126 0-.066-.113-.09-.158-.102C6.918 26.033.526 23.014.526 18.944c0-1.125.795-1.706 1.94-1.706 1.99 0 4.745.921 5.344.921.147 0 .202-.08.202-.161 0-.11-.089-.234-.26-.38-3.63-3.083-5.143-5.919-5.143-8.291 0-3.07 2.216-5.394 5.16-5.973 5.427-1.067 8.699 3.563 11.59 7.283.08.104.227.32.408.32.222 0 .279-.215.48-1.03.2-.817.26-1.068.518-2.114C21.61 4.37 23.652 0 29.544 0c3.468 0 7.76 2.347 7.76 7.747zm-16.79 7.739c-1.096 0-1.674-.615-2.793-2.014-.178-.223-.953-1.161-1.15-1.4-2.708-3.268-4.672-4.744-6.915-4.744-1.355 0-3.388.758-3.388 3.343 0 .337.044 1.786 1.447 3.502 1.788 2.185 4.377 5.073 4.614 5.343.242.275.37.568.368.829-.001.145-.046.78-1.127.78-1.054 0-5.664-1.35-7.278-1.35-.749 0-1.23.324-1.23.873 0 1.417 2.766 4.331 11.46 6.292 1.092.246 1.188.637 1.188.77 0 .509-1.353.744-1.353 1.605 0 1.264 4.088 1.825 5.26 1.825 2.086 0 3.11-.612 3.888-1.146.664-.456 1.042-.632 1.486-.632.933 0 1.805.583 4.639.583 3.447 0 7.066-1.8 7.066-2.78 0-.382-.573-.48-1.86-.903-.676-.223-1.065-.497-1.065-.918 0-.402.33-.718 1.304-1.141a68.777 68.777 0 0 0 2.556-1.155c4.191-2.02 5.816-4.483 5.826-6.264.006-1.142-.65-1.917-1.72-1.917-1.408 0-2.953.815-4.46 1.578-2.819 1.43-3.846 1.975-4.834 1.975-.7 0-1.027-.598-1.032-.952a1.93 1.93 0 0 1 .125-.692c.364-.986.623-1.645 1.021-2.701.586-1.554 1.296-3.329 1.296-5.083 0-2.744-2.13-4.614-4.926-4.614-3.13 0-4.469 2.95-5.263 5.296-.217.64-1.041 3.14-1.293 3.89-.439 1.31-1.018 1.922-1.857 1.922z"
          fill="#EB6619"
        />
      </svg>
    </div>
  </div>,
]
`;

exports[`Logo component should render correctly with secondary model 1`] = `
Array [
  ".root-0-2-1 {}
.root-0-2-1 svg {
  height: 100%;
}
.root-0-2-1 svg path {}
.root-0-2-1 svg path#id-avonV2-b-custom {}
.root-d0-0-2-2 {}
.root-d0-0-2-2 svg {
  width: 256px;
}
.root-d0-0-2-2 svg path {}
.root-d0-0-2-2 svg path#id-avonV2-b-custom {
  fill: #fff;
}",
  <div>
    <div
      aria-label="logo"
      class=" root-0-2-1 root-d0-0-2-2 Logo-gaya"
      role="img"
    >
      <svg
        fill="none"
        height="32"
        viewBox="0 0 148 32"
        width="148"
        xmlns="http://www.w3.org/2000/svg"
      >
        <path
          d="M58.213 14.569c-5.39 0-8.408 3.234-8.408 8.48v6.9h3.665v-7.26c0-4.024 1.438-6.467 4.744-6.467 3.09 0 4.527 2.443 4.527 6.468v7.258h3.665V23.05c0-5.246-2.73-8.48-8.193-8.48zM77.905 14.569c-4.384 0-8.408 2.946-8.408 8.12 0 4.888 3.306 7.762 7.905 7.762 2.444 0 4.312-1.006 5.318-2.874v2.371h3.522v-6.827c0-5.246-2.875-8.552-8.337-8.552zm0 14.23c-3.234 0-4.743-2.157-4.743-6.11 0-3.593 1.51-6.468 4.743-6.468 3.234 0 4.672 2.875 4.672 6.469 0 3.737-1.94 6.108-4.672 6.108zM113.839 22.33c0 4.025-1.293 6.469-4.456 6.469-3.018 0-4.312-2.444-4.312-6.469v-7.258h-3.665v6.9c0 5.245 2.587 8.48 7.977 8.48 5.247 0 8.121-3.235 8.121-8.48v-6.9h-3.665v7.258zM139.137 14.569c-4.384 0-8.409 2.946-8.409 8.12 0 4.888 3.306 7.762 7.906 7.762 2.443 0 4.312-1.006 5.318-2.874v2.371h3.521v-6.827c0-5.246-2.875-8.552-8.336-8.552zm0 14.23c-3.235 0-4.744-2.157-4.744-6.11 0-3.593 1.509-6.468 4.744-6.468 3.234 0 4.671 2.875 4.671 6.469 0 3.737-1.941 6.108-4.671 6.108zM121.457 21.468v8.48h3.665v-8.911c0-2.875.647-4.744 3.594-4.744.359 0 .79 0 1.221.072v-1.51c-.79-.215-1.581-.287-2.371-.287-3.522 0-6.109 2.013-6.109 6.9zM96.734 28.727c-1.796 0-2.874-1.15-2.874-4.672v-7.258h4.815v-1.725H93.86v-3.737h-3.666V23.48c0 5.319 2.875 6.971 5.965 6.971 1.51 0 2.875-.43 3.881-1.15-.359-.358-.647-.79-.79-1.221-.719.431-1.51.647-2.516.647zM37.304 7.747c0 2.115-1.073 4.685-1.837 6.042-.422.752-.526.925-.526 1.042 0 .083.05.153.149.153.508 0 4.743-3.26 7.715-3.26 1.741 0 3.335.925 3.335 3.11 0 2.244-1.485 5.814-6.432 8.464-.354.19-1.096.584-1.616.86-.666.352-.84.525-.84.745 0 .562 1.966.294 1.966 1.445 0 .614-.75 1.631-2.714 2.728-1.795 1.003-4.188 1.826-7.163 1.826-2.118 0-3.306-.415-3.532-.415-.087 0-.154.026-.249.109-.122.107-1.64 1.404-5.17 1.404-4.057 0-8.603-1.662-8.603-3.212 0-.754.954-.965.954-1.126 0-.066-.113-.09-.158-.102C6.918 26.033.526 23.014.526 18.944c0-1.125.795-1.706 1.94-1.706 1.99 0 4.745.921 5.344.921.147 0 .202-.08.202-.161 0-.11-.089-.234-.26-.38-3.63-3.083-5.143-5.919-5.143-8.291 0-3.07 2.216-5.394 5.16-5.973 5.427-1.067 8.699 3.563 11.59 7.283.08.104.227.32.408.32.222 0 .279-.215.48-1.03.2-.817.26-1.068.518-2.114C21.61 4.37 23.652 0 29.544 0c3.468 0 7.76 2.347 7.76 7.747zm-16.79 7.739c-1.096 0-1.674-.615-2.793-2.014-.178-.223-.953-1.161-1.15-1.4-2.708-3.268-4.672-4.744-6.915-4.744-1.355 0-3.388.758-3.388 3.343 0 .337.044 1.786 1.447 3.502 1.788 2.185 4.377 5.073 4.614 5.343.242.275.37.568.368.829-.001.145-.046.78-1.127.78-1.054 0-5.664-1.35-7.278-1.35-.749 0-1.23.324-1.23.873 0 1.417 2.766 4.331 11.46 6.292 1.092.246 1.188.637 1.188.77 0 .509-1.353.744-1.353 1.605 0 1.264 4.088 1.825 5.26 1.825 2.086 0 3.11-.612 3.888-1.146.664-.456 1.042-.632 1.486-.632.933 0 1.805.583 4.639.583 3.447 0 7.066-1.8 7.066-2.78 0-.382-.573-.48-1.86-.903-.676-.223-1.065-.497-1.065-.918 0-.402.33-.718 1.304-1.141a68.777 68.777 0 0 0 2.556-1.155c4.191-2.02 5.816-4.483 5.826-6.264.006-1.142-.65-1.917-1.72-1.917-1.408 0-2.953.815-4.46 1.578-2.819 1.43-3.846 1.975-4.834 1.975-.7 0-1.027-.598-1.032-.952a1.93 1.93 0 0 1 .125-.692c.364-.986.623-1.645 1.021-2.701.586-1.554 1.296-3.329 1.296-5.083 0-2.744-2.13-4.614-4.926-4.614-3.13 0-4.469 2.95-5.263 5.296-.217.64-1.041 3.14-1.293 3.89-.439 1.31-1.018 1.922-1.857 1.922z"
          fill="#EB6619"
        />
      </svg>
    </div>
  </div>,
]
`;
