// Jest Snapshot v1, https://goo.gl/fbAQLP

exports[`Counter should render correctly when is disabled 1`] = `
Array [
  ".sharedRippleEffect-0-2-13 {
  top: 0;
  left: 0;
  width: 100%;
  height: 100%;
  content: \\" \\";
  z-index: -1;
  position: absolute;
}
.wrapper-0-2-14 {
  height: fit-content;
  outline: none;
  position: relative;
}
.wrapper-0-2-14:focus:after {
  top: 0;
  left: 0;
  width: 100%;
  height: 100%;
  content: \\" \\";
  opacity: 0.16;
  z-index: -1;
  position: absolute;
}
.wrapper-0-2-14:hover:after {
  top: 0;
  left: 0;
  width: 100%;
  height: 100%;
  content: \\" \\";
  z-index: -1;
  position: absolute;
}
.ripple-0-2-15 {
  opacity: 0;
  position: absolute;
  transform: translate(-50%, -50%);
  border-radius: 50%;
}
.rippleContainer-0-2-16 {
  inset: 0;
  position: absolute;
}
.rippleActive-0-2-17 {
  z-index: 99;
}
@keyframes keyframes-ripple-0-2-18 {
  0% {
    transform: translate(-50%, -50%) scale(0);
  }
  75% {
    opacity: 0.12;
    transform: translate(-50%, -50%) scale(1);
  }
  100% {
    opacity: 0;
    z-index: 0;
  }
}
  .wrapper-d0-0-2-19 {
    cursor: default;
    display: inline-block;
    align-self: start;
  }
  .wrapper-d0-0-2-19:focus:after {
    border-radius: none;
  }
  .wrapper-d0-0-2-19:hover:after {
    background-color: #111111;
    opacity: 0;
    border-radius: none;
  }
  .ripple-d1-0-2-20 {
    background-color: #111111;
    height: 0;
    left: 0;
    top: 0;
    transition: scale opacity 300ms;
    width: 0;
  }
  .rippleContainer-d2-0-2-21 {
    overflow: hidden;
    border-radius: 4px;
  }
  .rippleActive-d3-0-2-22 {
    animation: keyframes-ripple-0-2-18 300ms;
  }
  .wrapper-d4-0-2-26 {
    cursor: default;
    display: inline-block;
    align-self: start;
  }
  .wrapper-d4-0-2-26:focus:after {
    border-radius: none;
  }
  .wrapper-d4-0-2-26:hover:after {
    background-color: #111111;
    opacity: 0;
    border-radius: none;
  }
  .ripple-d5-0-2-27 {
    background-color: #111111;
    height: 0;
    left: 0;
    top: 0;
    transition: scale opacity 300ms;
    width: 0;
  }
  .rippleContainer-d6-0-2-28 {
    overflow: hidden;
    border-radius: 4px;
  }
  .rippleActive-d7-0-2-29 {
    animation: keyframes-ripple-0-2-18 300ms;
  }
  .button-0-2-7 {
    cursor: pointer;
    outline: 0;
    overflow: hidden;
    position: relative;
  }
  .button-0-2-7:disabled {
    cursor: default;
    box-shadow: none;
  }
  .button-0-2-7:hover:not([disabled]) {  }
  .button-0-2-7:focus-visible:not([disabled]) {  }
  .button-0-2-7:active:not([disabled]) {  }
  .labelContainer-0-2-8 {
    display: flex;
    align-items: center;
    justify-content: center;
  }
  .label-0-2-9 {
    font-size: 14px;
    text-align: center;
    font-family: Roboto, Arial;
    font-weight: 500;
    user-select: none;
    white-space: nowrap;
    text-overflow: ellipsis;
  }
  .button-d0-0-2-10 {
    background-color: #FFFFFF00;
    border: 1px solid #FFFFFF00;
    border-radius: 4px;
    box-shadow: none;
    color: #363636;
    height: 40px;
    padding-left: 8px;
    padding-right: 8px;
    width: auto;
  }
  .button-d0-0-2-10:disabled {
    background-color: #FFFFFF00;
    border: 1px solid #FFFFFF00;
    color: #737373;
  }
  .button-d0-0-2-10:hover:not([disabled]) {
    background-color: #bbbbbb;
    border: 1px solid #FFFFFF00;
    color: #363636;
    opacity: unset;
  }
  .button-d0-0-2-10:focus-visible:not([disabled]) {
    background-color: #777777;
    border: 1px solid #FFFFFF00;
    color: #ffffff;
  }
  .button-d0-0-2-10:active:not([disabled]) {
    background-color: #777777;
    border: 1px solid #FFFFFF00;
    color: #ffffff;
  }
  .labelContainer-d1-0-2-11 {
    flex-direction: row-reverse;
  }
  .label-d2-0-2-12 {
    letter-spacing: 1.23px;
    text-transform: uppercase;
  }
  .button-d3-0-2-23 {
    background-color: #FFFFFF00;
    border: 1px solid #FFFFFF00;
    border-radius: 4px;
    box-shadow: none;
    color: #363636;
    height: 40px;
    padding-left: 8px;
    padding-right: 8px;
    width: auto;
  }
  .button-d3-0-2-23:disabled {
    background-color: #FFFFFF00;
    border: 1px solid #FFFFFF00;
    color: #737373;
  }
  .button-d3-0-2-23:hover:not([disabled]) {
    background-color: #bbbbbb;
    border: 1px solid #FFFFFF00;
    color: #363636;
    opacity: unset;
  }
  .button-d3-0-2-23:focus-visible:not([disabled]) {
    background-color: #777777;
    border: 1px solid #FFFFFF00;
    color: #ffffff;
  }
  .button-d3-0-2-23:active:not([disabled]) {
    background-color: #777777;
    border: 1px solid #FFFFFF00;
    color: #ffffff;
  }
  .labelContainer-d4-0-2-24 {
    flex-direction: row-reverse;
  }
  .label-d5-0-2-25 {
    letter-spacing: 1.23px;
    text-transform: uppercase;
  }
  .buttonGroup-0-2-1 {
    width: fit-content;
    border: 1px solid #8c8c8c;
    display: flex;
    overflow: hidden;
    margin-top: 4px;
    border-radius: 4px;
  }
  .buttonGroup-0-2-1 button {  }
  .buttonLeft-0-2-2 {
    border-top-left-radius: 0;
    border-top-right-radius: 0;
    border-bottom-left-radius: 0;
    border-bottom-right-radius: 0;
  }
  .buttonRight-0-2-3 {
    border-top-left-radius: 0;
    border-top-right-radius: 0;
    border-bottom-left-radius: 0;
    border-bottom-right-radius: 0;
  }
  .inputBase-0-2-4 {
    color: #111111;
    width: 40px;
    cursor: default;
    height: 100%;
    outline: none;
    padding: 0;
    border-top: none;
    text-align: center;
    border-left: 1px solid #8c8c8c;
    border-right: 1px solid #8c8c8c;
    border-bottom: none;
    background-color: transparent;
  }
  .labelText-0-2-5 {
    color: #737373;
    font-size: 14px;
    font-family: Roboto, Arial;
    font-weight: 500;
    line-height: 1.25;
    letter-spacing: 0.11px;
  }
  .buttonGroup-d0-0-2-6 {
    height: 40px;
  }
  .buttonGroup-d0-0-2-6 button {
    width: 32px;
  }",
  <div>
    <div
      class=" Counter-gaya"
    >
      <div
        class="buttonGroup-0-2-1 buttonGroup-d0-0-2-6"
      >
        <div
          class="wrapper-0-2-14 wrapper-d0-0-2-19"
          data-testid="ripple-wrapper"
          tabindex="-1"
        >
          <div
            class="rippleContainer-0-2-16 rippleContainer-d2-0-2-21"
          >
            <div
              class="ripple-0-2-15 ripple-d1-0-2-20 "
              data-testid="ripple-animation"
            />
          </div>
          <button
            class="button-0-2-7 button-d0-0-2-10 buttonLeft-0-2-2 Button-gaya"
            data-testid="onDecrement-btn"
            disabled=""
            type="button"
          >
            <div
              class="labelContainer-0-2-8 labelContainer-d1-0-2-11"
            >
              <span
                class="label-0-2-9 label-d2-0-2-12"
              >
                -
              </span>
            </div>
          </button>
        </div>
        <input
          class="inputBase-0-2-4"
          inputmode="numeric"
          maxlength="2"
          value="0"
        />
        <div
          class="wrapper-0-2-14 wrapper-d4-0-2-26"
          data-testid="ripple-wrapper"
          tabindex="-1"
        >
          <div
            class="rippleContainer-0-2-16 rippleContainer-d6-0-2-28"
          >
            <div
              class="ripple-0-2-15 ripple-d5-0-2-27 "
              data-testid="ripple-animation"
            />
          </div>
          <button
            class="button-0-2-7 button-d3-0-2-23 buttonRight-0-2-3 Button-gaya"
            data-testid="onIncrement-btn"
            disabled=""
            type="button"
          >
            <div
              class="labelContainer-0-2-8 labelContainer-d4-0-2-24"
            >
              <span
                class="label-0-2-9 label-d5-0-2-25"
              >
                +
              </span>
            </div>
          </button>
        </div>
      </div>
    </div>
  </div>,
]
`;

exports[`Counter should render correctly with default props 1`] = `
Array [
  ".sharedRippleEffect-0-2-13 {
  top: 0;
  left: 0;
  width: 100%;
  height: 100%;
  content: \\" \\";
  z-index: -1;
  position: absolute;
}
.wrapper-0-2-14 {
  height: fit-content;
  outline: none;
  position: relative;
}
.wrapper-0-2-14:focus:after {
  top: 0;
  left: 0;
  width: 100%;
  height: 100%;
  content: \\" \\";
  opacity: 0.16;
  z-index: -1;
  position: absolute;
}
.wrapper-0-2-14:hover:after {
  top: 0;
  left: 0;
  width: 100%;
  height: 100%;
  content: \\" \\";
  z-index: -1;
  position: absolute;
}
.ripple-0-2-15 {
  opacity: 0;
  position: absolute;
  transform: translate(-50%, -50%);
  border-radius: 50%;
}
.rippleContainer-0-2-16 {
  inset: 0;
  position: absolute;
}
.rippleActive-0-2-17 {
  z-index: 99;
}
@keyframes keyframes-ripple-0-2-18 {
  0% {
    transform: translate(-50%, -50%) scale(0);
  }
  75% {
    opacity: 0.12;
    transform: translate(-50%, -50%) scale(1);
  }
  100% {
    opacity: 0;
    z-index: 0;
  }
}
  .wrapper-d0-0-2-19 {
    cursor: default;
    display: inline-block;
    align-self: start;
  }
  .wrapper-d0-0-2-19:focus:after {
    border-radius: none;
  }
  .wrapper-d0-0-2-19:hover:after {
    background-color: #111111;
    opacity: 0;
    border-radius: none;
  }
  .ripple-d1-0-2-20 {
    background-color: #111111;
    height: 0;
    left: 0;
    top: 0;
    transition: scale opacity 300ms;
    width: 0;
  }
  .rippleContainer-d2-0-2-21 {
    overflow: hidden;
    border-radius: 4px;
  }
  .rippleActive-d3-0-2-22 {
    animation: keyframes-ripple-0-2-18 300ms;
  }
  .wrapper-d4-0-2-26 {
    cursor: pointer;
    display: inline-block;
    align-self: start;
  }
  .wrapper-d4-0-2-26:focus:after {
    border-radius: none;
  }
  .wrapper-d4-0-2-26:hover:after {
    background-color: #111111;
    opacity: 0;
    border-radius: none;
  }
  .ripple-d5-0-2-27 {
    background-color: #111111;
    height: 0;
    left: 0;
    top: 0;
    transition: scale opacity 300ms;
    width: 0;
  }
  .rippleContainer-d6-0-2-28 {
    overflow: hidden;
    border-radius: 4px;
  }
  .rippleActive-d7-0-2-29 {
    animation: keyframes-ripple-0-2-18 300ms;
  }
  .button-0-2-7 {
    cursor: pointer;
    outline: 0;
    overflow: hidden;
    position: relative;
  }
  .button-0-2-7:disabled {
    cursor: default;
    box-shadow: none;
  }
  .button-0-2-7:hover:not([disabled]) {  }
  .button-0-2-7:focus-visible:not([disabled]) {  }
  .button-0-2-7:active:not([disabled]) {  }
  .labelContainer-0-2-8 {
    display: flex;
    align-items: center;
    justify-content: center;
  }
  .label-0-2-9 {
    font-size: 14px;
    text-align: center;
    font-family: Roboto, Arial;
    font-weight: 500;
    user-select: none;
    white-space: nowrap;
    text-overflow: ellipsis;
  }
  .button-d0-0-2-10 {
    background-color: #FFFFFF00;
    border: 1px solid #FFFFFF00;
    border-radius: 4px;
    box-shadow: none;
    color: #363636;
    height: 40px;
    padding-left: 8px;
    padding-right: 8px;
    width: auto;
  }
  .button-d0-0-2-10:disabled {
    background-color: #FFFFFF00;
    border: 1px solid #FFFFFF00;
    color: #737373;
  }
  .button-d0-0-2-10:hover:not([disabled]) {
    background-color: #bbbbbb;
    border: 1px solid #FFFFFF00;
    color: #363636;
    opacity: unset;
  }
  .button-d0-0-2-10:focus-visible:not([disabled]) {
    background-color: #777777;
    border: 1px solid #FFFFFF00;
    color: #ffffff;
  }
  .button-d0-0-2-10:active:not([disabled]) {
    background-color: #777777;
    border: 1px solid #FFFFFF00;
    color: #ffffff;
  }
  .labelContainer-d1-0-2-11 {
    flex-direction: row-reverse;
  }
  .label-d2-0-2-12 {
    letter-spacing: 1.23px;
    text-transform: uppercase;
  }
  .button-d3-0-2-23 {
    background-color: #FFFFFF00;
    border: 1px solid #FFFFFF00;
    border-radius: 4px;
    box-shadow: none;
    color: #363636;
    height: 40px;
    padding-left: 8px;
    padding-right: 8px;
    width: auto;
  }
  .button-d3-0-2-23:disabled {
    background-color: #FFFFFF00;
    border: 1px solid #FFFFFF00;
    color: #737373;
  }
  .button-d3-0-2-23:hover:not([disabled]) {
    background-color: #bbbbbb;
    border: 1px solid #FFFFFF00;
    color: #363636;
    opacity: unset;
  }
  .button-d3-0-2-23:focus-visible:not([disabled]) {
    background-color: #777777;
    border: 1px solid #FFFFFF00;
    color: #ffffff;
  }
  .button-d3-0-2-23:active:not([disabled]) {
    background-color: #777777;
    border: 1px solid #FFFFFF00;
    color: #ffffff;
  }
  .labelContainer-d4-0-2-24 {
    flex-direction: row-reverse;
  }
  .label-d5-0-2-25 {
    letter-spacing: 1.23px;
    text-transform: uppercase;
  }
  .buttonGroup-0-2-1 {
    width: fit-content;
    border: 1px solid #8c8c8c;
    display: flex;
    overflow: hidden;
    margin-top: 4px;
    border-radius: 4px;
  }
  .buttonGroup-0-2-1 button {  }
  .buttonLeft-0-2-2 {
    border-top-left-radius: 0;
    border-top-right-radius: 0;
    border-bottom-left-radius: 0;
    border-bottom-right-radius: 0;
  }
  .buttonRight-0-2-3 {
    border-top-left-radius: 0;
    border-top-right-radius: 0;
    border-bottom-left-radius: 0;
    border-bottom-right-radius: 0;
  }
  .inputBase-0-2-4 {
    color: #111111;
    width: 40px;
    cursor: default;
    height: 100%;
    outline: none;
    padding: 0;
    border-top: none;
    text-align: center;
    border-left: 1px solid #8c8c8c;
    border-right: 1px solid #8c8c8c;
    border-bottom: none;
    background-color: transparent;
  }
  .labelText-0-2-5 {
    color: #737373;
    font-size: 14px;
    font-family: Roboto, Arial;
    font-weight: 500;
    line-height: 1.25;
    letter-spacing: 0.11px;
  }
  .buttonGroup-d0-0-2-6 {
    height: 40px;
  }
  .buttonGroup-d0-0-2-6 button {
    width: 32px;
  }",
  <div>
    <div
      class=" Counter-gaya"
    >
      <div
        class="buttonGroup-0-2-1 buttonGroup-d0-0-2-6"
      >
        <div
          class="wrapper-0-2-14 wrapper-d0-0-2-19"
          data-testid="ripple-wrapper"
          tabindex="-1"
        >
          <div
            class="rippleContainer-0-2-16 rippleContainer-d2-0-2-21"
          >
            <div
              class="ripple-0-2-15 ripple-d1-0-2-20 "
              data-testid="ripple-animation"
            />
          </div>
          <button
            class="button-0-2-7 button-d0-0-2-10 buttonLeft-0-2-2 Button-gaya"
            data-testid="onDecrement-btn"
            disabled=""
            type="button"
          >
            <div
              class="labelContainer-0-2-8 labelContainer-d1-0-2-11"
            >
              <span
                class="label-0-2-9 label-d2-0-2-12"
              >
                -
              </span>
            </div>
          </button>
        </div>
        <input
          class="inputBase-0-2-4"
          inputmode="numeric"
          maxlength="2"
          value="0"
        />
        <div
          class="wrapper-0-2-14 wrapper-d4-0-2-26"
          data-testid="ripple-wrapper"
          tabindex="-1"
        >
          <div
            class="rippleContainer-0-2-16 rippleContainer-d6-0-2-28"
          >
            <div
              class="ripple-0-2-15 ripple-d5-0-2-27 "
              data-testid="ripple-animation"
            />
          </div>
          <button
            class="button-0-2-7 button-d3-0-2-23 buttonRight-0-2-3 Button-gaya"
            data-testid="onIncrement-btn"
            type="button"
          >
            <div
              class="labelContainer-0-2-8 labelContainer-d4-0-2-24"
            >
              <span
                class="label-0-2-9 label-d5-0-2-25"
              >
                +
              </span>
            </div>
          </button>
        </div>
      </div>
    </div>
  </div>,
]
`;

exports[`Counter should render correctly with label 1`] = `
Array [
  ".labelContainer-0-2-7 {
  color: #111111;
  font-family: \\"Roboto\\", Arial;
}
.sharedRippleEffect-0-2-14 {
  top: 0;
  left: 0;
  width: 100%;
  height: 100%;
  content: \\" \\";
  z-index: -1;
  position: absolute;
}
.wrapper-0-2-15 {
  height: fit-content;
  outline: none;
  position: relative;
}
.wrapper-0-2-15:focus:after {
  top: 0;
  left: 0;
  width: 100%;
  height: 100%;
  content: \\" \\";
  opacity: 0.16;
  z-index: -1;
  position: absolute;
}
.wrapper-0-2-15:hover:after {
  top: 0;
  left: 0;
  width: 100%;
  height: 100%;
  content: \\" \\";
  z-index: -1;
  position: absolute;
}
.ripple-0-2-16 {
  opacity: 0;
  position: absolute;
  transform: translate(-50%, -50%);
  border-radius: 50%;
}
.rippleContainer-0-2-17 {
  inset: 0;
  position: absolute;
}
.rippleActive-0-2-18 {
  z-index: 99;
}
@keyframes keyframes-ripple-0-2-19 {
  0% {
    transform: translate(-50%, -50%) scale(0);
  }
  75% {
    opacity: 0.12;
    transform: translate(-50%, -50%) scale(1);
  }
  100% {
    opacity: 0;
    z-index: 0;
  }
}
  .wrapper-d0-0-2-20 {
    cursor: default;
    display: inline-block;
    align-self: start;
  }
  .wrapper-d0-0-2-20:focus:after {
    border-radius: none;
  }
  .wrapper-d0-0-2-20:hover:after {
    background-color: #111111;
    opacity: 0;
    border-radius: none;
  }
  .ripple-d1-0-2-21 {
    background-color: #111111;
    height: 0;
    left: 0;
    top: 0;
    transition: scale opacity 300ms;
    width: 0;
  }
  .rippleContainer-d2-0-2-22 {
    overflow: hidden;
    border-radius: 4px;
  }
  .rippleActive-d3-0-2-23 {
    animation: keyframes-ripple-0-2-19 300ms;
  }
  .wrapper-d4-0-2-27 {
    cursor: pointer;
    display: inline-block;
    align-self: start;
  }
  .wrapper-d4-0-2-27:focus:after {
    border-radius: none;
  }
  .wrapper-d4-0-2-27:hover:after {
    background-color: #111111;
    opacity: 0;
    border-radius: none;
  }
  .ripple-d5-0-2-28 {
    background-color: #111111;
    height: 0;
    left: 0;
    top: 0;
    transition: scale opacity 300ms;
    width: 0;
  }
  .rippleContainer-d6-0-2-29 {
    overflow: hidden;
    border-radius: 4px;
  }
  .rippleActive-d7-0-2-30 {
    animation: keyframes-ripple-0-2-19 300ms;
  }
  .button-0-2-8 {
    cursor: pointer;
    outline: 0;
    overflow: hidden;
    position: relative;
  }
  .button-0-2-8:disabled {
    cursor: default;
    box-shadow: none;
  }
  .button-0-2-8:hover:not([disabled]) {  }
  .button-0-2-8:focus-visible:not([disabled]) {  }
  .button-0-2-8:active:not([disabled]) {  }
  .labelContainer-0-2-9 {
    display: flex;
    align-items: center;
    justify-content: center;
  }
  .label-0-2-10 {
    font-size: 14px;
    text-align: center;
    font-family: Roboto, Arial;
    font-weight: 500;
    user-select: none;
    white-space: nowrap;
    text-overflow: ellipsis;
  }
  .button-d0-0-2-11 {
    background-color: #FFFFFF00;
    border: 1px solid #FFFFFF00;
    border-radius: 4px;
    box-shadow: none;
    color: #363636;
    height: 40px;
    padding-left: 8px;
    padding-right: 8px;
    width: auto;
  }
  .button-d0-0-2-11:disabled {
    background-color: #FFFFFF00;
    border: 1px solid #FFFFFF00;
    color: #737373;
  }
  .button-d0-0-2-11:hover:not([disabled]) {
    background-color: #bbbbbb;
    border: 1px solid #FFFFFF00;
    color: #363636;
    opacity: unset;
  }
  .button-d0-0-2-11:focus-visible:not([disabled]) {
    background-color: #777777;
    border: 1px solid #FFFFFF00;
    color: #ffffff;
  }
  .button-d0-0-2-11:active:not([disabled]) {
    background-color: #777777;
    border: 1px solid #FFFFFF00;
    color: #ffffff;
  }
  .labelContainer-d1-0-2-12 {
    flex-direction: row-reverse;
  }
  .label-d2-0-2-13 {
    letter-spacing: 1.23px;
    text-transform: uppercase;
  }
  .button-d3-0-2-24 {
    background-color: #FFFFFF00;
    border: 1px solid #FFFFFF00;
    border-radius: 4px;
    box-shadow: none;
    color: #363636;
    height: 40px;
    padding-left: 8px;
    padding-right: 8px;
    width: auto;
  }
  .button-d3-0-2-24:disabled {
    background-color: #FFFFFF00;
    border: 1px solid #FFFFFF00;
    color: #737373;
  }
  .button-d3-0-2-24:hover:not([disabled]) {
    background-color: #bbbbbb;
    border: 1px solid #FFFFFF00;
    color: #363636;
    opacity: unset;
  }
  .button-d3-0-2-24:focus-visible:not([disabled]) {
    background-color: #777777;
    border: 1px solid #FFFFFF00;
    color: #ffffff;
  }
  .button-d3-0-2-24:active:not([disabled]) {
    background-color: #777777;
    border: 1px solid #FFFFFF00;
    color: #ffffff;
  }
  .labelContainer-d4-0-2-25 {
    flex-direction: row-reverse;
  }
  .label-d5-0-2-26 {
    letter-spacing: 1.23px;
    text-transform: uppercase;
  }
  .buttonGroup-0-2-1 {
    width: fit-content;
    border: 1px solid #8c8c8c;
    display: flex;
    overflow: hidden;
    margin-top: 4px;
    border-radius: 4px;
  }
  .buttonGroup-0-2-1 button {  }
  .buttonLeft-0-2-2 {
    border-top-left-radius: 0;
    border-top-right-radius: 0;
    border-bottom-left-radius: 0;
    border-bottom-right-radius: 0;
  }
  .buttonRight-0-2-3 {
    border-top-left-radius: 0;
    border-top-right-radius: 0;
    border-bottom-left-radius: 0;
    border-bottom-right-radius: 0;
  }
  .inputBase-0-2-4 {
    color: #111111;
    width: 40px;
    cursor: default;
    height: 100%;
    outline: none;
    padding: 0;
    border-top: none;
    text-align: center;
    border-left: 1px solid #8c8c8c;
    border-right: 1px solid #8c8c8c;
    border-bottom: none;
    background-color: transparent;
  }
  .labelText-0-2-5 {
    color: #737373;
    font-size: 14px;
    font-family: Roboto, Arial;
    font-weight: 500;
    line-height: 1.25;
    letter-spacing: 0.11px;
  }
  .buttonGroup-d0-0-2-6 {
    height: 40px;
  }
  .buttonGroup-d0-0-2-6 button {
    width: 32px;
  }",
  <div>
    <div
      class=" Counter-gaya"
    >
      <label
        class="labelText-0-2-5 labelContainer-0-2-7"
      >
        label
      </label>
      <div
        class="buttonGroup-0-2-1 buttonGroup-d0-0-2-6"
      >
        <div
          class="wrapper-0-2-15 wrapper-d0-0-2-20"
          data-testid="ripple-wrapper"
          tabindex="-1"
        >
          <div
            class="rippleContainer-0-2-17 rippleContainer-d2-0-2-22"
          >
            <div
              class="ripple-0-2-16 ripple-d1-0-2-21 "
              data-testid="ripple-animation"
            />
          </div>
          <button
            class="button-0-2-8 button-d0-0-2-11 buttonLeft-0-2-2 Button-gaya"
            data-testid="onDecrement-btn"
            disabled=""
            type="button"
          >
            <div
              class="labelContainer-0-2-9 labelContainer-d1-0-2-12"
            >
              <span
                class="label-0-2-10 label-d2-0-2-13"
              >
                -
              </span>
            </div>
          </button>
        </div>
        <input
          class="inputBase-0-2-4"
          inputmode="numeric"
          maxlength="2"
          value="0"
        />
        <div
          class="wrapper-0-2-15 wrapper-d4-0-2-27"
          data-testid="ripple-wrapper"
          tabindex="-1"
        >
          <div
            class="rippleContainer-0-2-17 rippleContainer-d6-0-2-29"
          >
            <div
              class="ripple-0-2-16 ripple-d5-0-2-28 "
              data-testid="ripple-animation"
            />
          </div>
          <button
            class="button-0-2-8 button-d3-0-2-24 buttonRight-0-2-3 Button-gaya"
            data-testid="onIncrement-btn"
            type="button"
          >
            <div
              class="labelContainer-0-2-9 labelContainer-d4-0-2-25"
            >
              <span
                class="label-0-2-10 label-d5-0-2-26"
              >
                +
              </span>
            </div>
          </button>
        </div>
      </div>
    </div>
  </div>,
]
`;
