// Jest Snapshot v1, https://goo.gl/fbAQLP

exports[`Icon Button component should render correctly when is disabled 1`] = `
Array [
  ".sharedRippleEffect-0-2-5 {
  top: 0;
  left: 0;
  width: 100%;
  height: 100%;
  content: \\" \\";
  z-index: -1;
  position: absolute;
}
.wrapper-0-2-6 {
  height: fit-content;
  outline: none;
  position: relative;
}
.wrapper-0-2-6:focus:after {
  top: 0;
  left: 0;
  width: 100%;
  height: 100%;
  content: \\" \\";
  opacity: 0.16;
  z-index: -1;
  position: absolute;
}
.wrapper-0-2-6:hover:after {
  top: 0;
  left: 0;
  width: 100%;
  height: 100%;
  content: \\" \\";
  z-index: -1;
  position: absolute;
}
.ripple-0-2-7 {
  opacity: 0;
  position: absolute;
  transform: translate(-50%, -50%);
  border-radius: 50%;
}
.rippleContainer-0-2-8 {
  inset: 0;
  position: absolute;
}
.rippleActive-0-2-9 {
  z-index: 99;
}
@keyframes keyframes-ripple-0-2-10 {
  0% {
    transform: translate(-50%, -50%) scale(0);
  }
  75% {
    opacity: 0.12;
    transform: translate(-50%, -50%) scale(1);
  }
  100% {
    opacity: 0;
    z-index: 0;
  }
}
  .wrapper-d0-0-2-11 {
    cursor: default;
    display: inline-block;
    align-self: start;
  }
  .wrapper-d0-0-2-11:focus:after {
    border-radius: none;
  }
  .wrapper-d0-0-2-11:hover:after {
    background-color: #111111;
    opacity: 0;
    border-radius: none;
  }
  .ripple-d1-0-2-12 {
    background-color: #111111;
    height: 0;
    left: 50%;
    top: 50%;
    transition: scale opacity 300ms;
    width: 0;
  }
  .rippleContainer-d2-0-2-13 {
    overflow: hidden;
    border-radius: 4px;
  }
  .rippleActive-d3-0-2-14 {
    animation: keyframes-ripple-0-2-10 300ms;
  }
  .base-0-2-3 {
    border: none;
    cursor: pointer;
    display: flex;
    outline: none;
    align-items: center;
    justify-content: center;
  }
  .base-0-2-3:disabled {
    cursor: default;
  }
  .base-d0-0-2-4 {
    height: 32px;
    width: 32px;
  }
  .iconButtonContainer-0-2-1 {
    overflow: hidden;
    position: relative;
  }
  .iconButtonContainer-0-2-1:after {
    top: 0;
    left: 0;
    width: 100%;
    height: 100%;
    content: \\" \\";
    opacity: 0;
    position: absolute;
    background-color: #111111;
  }
  .iconButtonContainer-0-2-1:hover:not([disabled]):after {
    opacity: 0.04;
  }
  .iconButtonContainer-0-2-1:focus:not([disabled]):after {
    opacity: 0.12;
  }
  .iconButtonContainer-0-2-1:disabled {
    cursor: default;
  }
  .iconButtonContainer-d0-0-2-2 {
    background-color: transparent;
    border-radius: 16px;
    width: 32px;
  }
  .icon-0-2-15 {
    font-family: natds-icons;
    user-select: none;
    pointer-events: none;
  }
  .icon-d0-0-2-16 {
    color: #737373;
    font-size: 24px;
  }",
  <div>
    <div
      class="wrapper-0-2-6 wrapper-d0-0-2-11"
      data-testid="ripple-wrapper"
      tabindex="-1"
    >
      <div
        class="rippleContainer-0-2-8 rippleContainer-d2-0-2-13"
      >
        <div
          class="ripple-0-2-7 ripple-d1-0-2-12 "
          data-testid="ripple-animation"
        />
      </div>
      <button
        aria-label=""
        class=" iconButtonContainer-0-2-1 iconButtonContainer-d0-0-2-2 IconButton-gaya base-0-2-3 base-d0-0-2-4"
        disabled=""
        type="button"
      >
        <i
          aria-hidden="true"
          class=" icon-0-2-15 icon-d0-0-2-16 natds-icons natds-icons-outlined-default-mockup Icon-gaya"
          data-testid="icon-outlined-default-mockup"
          role="img"
        />
      </button>
    </div>
  </div>,
]
`;

exports[`Icon Button component should render correctly when the backgroundStyle is float 1`] = `
Array [
  ".sharedRippleEffect-0-2-5 {
  top: 0;
  left: 0;
  width: 100%;
  height: 100%;
  content: \\" \\";
  z-index: -1;
  position: absolute;
}
.wrapper-0-2-6 {
  height: fit-content;
  outline: none;
  position: relative;
}
.wrapper-0-2-6:focus:after {
  top: 0;
  left: 0;
  width: 100%;
  height: 100%;
  content: \\" \\";
  opacity: 0.16;
  z-index: -1;
  position: absolute;
}
.wrapper-0-2-6:hover:after {
  top: 0;
  left: 0;
  width: 100%;
  height: 100%;
  content: \\" \\";
  z-index: -1;
  position: absolute;
}
.ripple-0-2-7 {
  opacity: 0;
  position: absolute;
  transform: translate(-50%, -50%);
  border-radius: 50%;
}
.rippleContainer-0-2-8 {
  inset: 0;
  position: absolute;
}
.rippleActive-0-2-9 {
  z-index: 99;
}
@keyframes keyframes-ripple-0-2-10 {
  0% {
    transform: translate(-50%, -50%) scale(0);
  }
  75% {
    opacity: 0.12;
    transform: translate(-50%, -50%) scale(1);
  }
  100% {
    opacity: 0;
    z-index: 0;
  }
}
  .wrapper-d0-0-2-11 {
    cursor: pointer;
    display: inline-block;
    align-self: start;
  }
  .wrapper-d0-0-2-11:focus:after {
    border-radius: none;
  }
  .wrapper-d0-0-2-11:hover:after {
    background-color: #111111;
    opacity: 0;
    border-radius: none;
  }
  .ripple-d1-0-2-12 {
    background-color: #111111;
    height: 0;
    left: 50%;
    top: 50%;
    transition: scale opacity 300ms;
    width: 0;
  }
  .rippleContainer-d2-0-2-13 {
    overflow: hidden;
    border-radius: 4px;
  }
  .rippleActive-d3-0-2-14 {
    animation: keyframes-ripple-0-2-10 300ms;
  }
  .base-0-2-3 {
    border: none;
    cursor: pointer;
    display: flex;
    outline: none;
    align-items: center;
    justify-content: center;
  }
  .base-0-2-3:disabled {
    cursor: default;
  }
  .base-d0-0-2-4 {
    height: 32px;
    width: 32px;
  }
  .iconButtonContainer-0-2-1 {
    overflow: hidden;
    position: relative;
  }
  .iconButtonContainer-0-2-1:after {
    top: 0;
    left: 0;
    width: 100%;
    height: 100%;
    content: \\" \\";
    opacity: 0;
    position: absolute;
    background-color: #111111;
  }
  .iconButtonContainer-0-2-1:hover:not([disabled]):after {
    opacity: 0.04;
  }
  .iconButtonContainer-0-2-1:focus:not([disabled]):after {
    opacity: 0.12;
  }
  .iconButtonContainer-0-2-1:disabled {
    cursor: default;
  }
  .iconButtonContainer-d0-0-2-2 {
    background-color: #ffffff;
    border-radius: 16px;
    box-shadow: 0 4px 5px 0 rgba(0, 0, 0, 0.14);
    width: 32px;
  }
  .icon-0-2-15 {
    font-family: natds-icons;
    user-select: none;
    pointer-events: none;
  }
  .icon-d0-0-2-16 {
    color: #363636;
    font-size: 24px;
  }",
  <div>
    <div
      class="wrapper-0-2-6 wrapper-d0-0-2-11"
      data-testid="ripple-wrapper"
      tabindex="-1"
    >
      <div
        class="rippleContainer-0-2-8 rippleContainer-d2-0-2-13"
      >
        <div
          class="ripple-0-2-7 ripple-d1-0-2-12 "
          data-testid="ripple-animation"
        />
      </div>
      <button
        aria-label=""
        class=" iconButtonContainer-0-2-1 iconButtonContainer-d0-0-2-2 IconButton-gaya base-0-2-3 base-d0-0-2-4"
        type="button"
      >
        <i
          aria-hidden="true"
          class=" icon-0-2-15 icon-d0-0-2-16 natds-icons natds-icons-outlined-default-mockup Icon-gaya"
          data-testid="icon-outlined-default-mockup"
          role="img"
        />
      </button>
    </div>
  </div>,
]
`;

exports[`Icon Button component should render correctly when the backgroundStyle is float and is disabled 1`] = `
Array [
  ".sharedRippleEffect-0-2-5 {
  top: 0;
  left: 0;
  width: 100%;
  height: 100%;
  content: \\" \\";
  z-index: -1;
  position: absolute;
}
.wrapper-0-2-6 {
  height: fit-content;
  outline: none;
  position: relative;
}
.wrapper-0-2-6:focus:after {
  top: 0;
  left: 0;
  width: 100%;
  height: 100%;
  content: \\" \\";
  opacity: 0.16;
  z-index: -1;
  position: absolute;
}
.wrapper-0-2-6:hover:after {
  top: 0;
  left: 0;
  width: 100%;
  height: 100%;
  content: \\" \\";
  z-index: -1;
  position: absolute;
}
.ripple-0-2-7 {
  opacity: 0;
  position: absolute;
  transform: translate(-50%, -50%);
  border-radius: 50%;
}
.rippleContainer-0-2-8 {
  inset: 0;
  position: absolute;
}
.rippleActive-0-2-9 {
  z-index: 99;
}
@keyframes keyframes-ripple-0-2-10 {
  0% {
    transform: translate(-50%, -50%) scale(0);
  }
  75% {
    opacity: 0.12;
    transform: translate(-50%, -50%) scale(1);
  }
  100% {
    opacity: 0;
    z-index: 0;
  }
}
  .wrapper-d0-0-2-11 {
    cursor: default;
    display: inline-block;
    align-self: start;
  }
  .wrapper-d0-0-2-11:focus:after {
    border-radius: none;
  }
  .wrapper-d0-0-2-11:hover:after {
    background-color: #111111;
    opacity: 0;
    border-radius: none;
  }
  .ripple-d1-0-2-12 {
    background-color: #111111;
    height: 0;
    left: 50%;
    top: 50%;
    transition: scale opacity 300ms;
    width: 0;
  }
  .rippleContainer-d2-0-2-13 {
    overflow: hidden;
    border-radius: 4px;
  }
  .rippleActive-d3-0-2-14 {
    animation: keyframes-ripple-0-2-10 300ms;
  }
  .base-0-2-3 {
    border: none;
    cursor: pointer;
    display: flex;
    outline: none;
    align-items: center;
    justify-content: center;
  }
  .base-0-2-3:disabled {
    cursor: default;
  }
  .base-d0-0-2-4 {
    height: 32px;
    width: 32px;
  }
  .iconButtonContainer-0-2-1 {
    overflow: hidden;
    position: relative;
  }
  .iconButtonContainer-0-2-1:after {
    top: 0;
    left: 0;
    width: 100%;
    height: 100%;
    content: \\" \\";
    opacity: 0;
    position: absolute;
    background-color: #111111;
  }
  .iconButtonContainer-0-2-1:hover:not([disabled]):after {
    opacity: 0.04;
  }
  .iconButtonContainer-0-2-1:focus:not([disabled]):after {
    opacity: 0.12;
  }
  .iconButtonContainer-0-2-1:disabled {
    cursor: default;
  }
  .iconButtonContainer-d0-0-2-2 {
    background-color: #8c8c8c;
    border-radius: 16px;
    width: 32px;
  }
  .icon-0-2-15 {
    font-family: natds-icons;
    user-select: none;
    pointer-events: none;
  }
  .icon-d0-0-2-16 {
    color: #737373;
    font-size: 24px;
  }",
  <div>
    <div
      class="wrapper-0-2-6 wrapper-d0-0-2-11"
      data-testid="ripple-wrapper"
      tabindex="-1"
    >
      <div
        class="rippleContainer-0-2-8 rippleContainer-d2-0-2-13"
      >
        <div
          class="ripple-0-2-7 ripple-d1-0-2-12 "
          data-testid="ripple-animation"
        />
      </div>
      <button
        aria-label=""
        class=" iconButtonContainer-0-2-1 iconButtonContainer-d0-0-2-2 IconButton-gaya base-0-2-3 base-d0-0-2-4"
        disabled=""
        type="button"
      >
        <i
          aria-hidden="true"
          class=" icon-0-2-15 icon-d0-0-2-16 natds-icons natds-icons-outlined-default-mockup Icon-gaya"
          data-testid="icon-outlined-default-mockup"
          role="img"
        />
      </button>
    </div>
  </div>,
]
`;

exports[`Icon Button component should render correctly when the backgroundStyle is overlay 1`] = `
Array [
  ".sharedRippleEffect-0-2-5 {
  top: 0;
  left: 0;
  width: 100%;
  height: 100%;
  content: \\" \\";
  z-index: -1;
  position: absolute;
}
.wrapper-0-2-6 {
  height: fit-content;
  outline: none;
  position: relative;
}
.wrapper-0-2-6:focus:after {
  top: 0;
  left: 0;
  width: 100%;
  height: 100%;
  content: \\" \\";
  opacity: 0.16;
  z-index: -1;
  position: absolute;
}
.wrapper-0-2-6:hover:after {
  top: 0;
  left: 0;
  width: 100%;
  height: 100%;
  content: \\" \\";
  z-index: -1;
  position: absolute;
}
.ripple-0-2-7 {
  opacity: 0;
  position: absolute;
  transform: translate(-50%, -50%);
  border-radius: 50%;
}
.rippleContainer-0-2-8 {
  inset: 0;
  position: absolute;
}
.rippleActive-0-2-9 {
  z-index: 99;
}
@keyframes keyframes-ripple-0-2-10 {
  0% {
    transform: translate(-50%, -50%) scale(0);
  }
  75% {
    opacity: 0.12;
    transform: translate(-50%, -50%) scale(1);
  }
  100% {
    opacity: 0;
    z-index: 0;
  }
}
  .wrapper-d0-0-2-11 {
    cursor: pointer;
    display: inline-block;
    align-self: start;
  }
  .wrapper-d0-0-2-11:focus:after {
    border-radius: none;
  }
  .wrapper-d0-0-2-11:hover:after {
    background-color: #111111;
    opacity: 0;
    border-radius: none;
  }
  .ripple-d1-0-2-12 {
    background-color: #111111;
    height: 0;
    left: 50%;
    top: 50%;
    transition: scale opacity 300ms;
    width: 0;
  }
  .rippleContainer-d2-0-2-13 {
    overflow: hidden;
    border-radius: 4px;
  }
  .rippleActive-d3-0-2-14 {
    animation: keyframes-ripple-0-2-10 300ms;
  }
  .base-0-2-3 {
    border: none;
    cursor: pointer;
    display: flex;
    outline: none;
    align-items: center;
    justify-content: center;
  }
  .base-0-2-3:disabled {
    cursor: default;
  }
  .base-d0-0-2-4 {
    height: 32px;
    width: 32px;
  }
  .iconButtonContainer-0-2-1 {
    overflow: hidden;
    position: relative;
  }
  .iconButtonContainer-0-2-1:after {
    top: 0;
    left: 0;
    width: 100%;
    height: 100%;
    content: \\" \\";
    opacity: 0;
    position: absolute;
    background-color: #111111;
  }
  .iconButtonContainer-0-2-1:hover:not([disabled]):after {
    opacity: 0.04;
  }
  .iconButtonContainer-0-2-1:focus:not([disabled]):after {
    opacity: 0.12;
  }
  .iconButtonContainer-0-2-1:disabled {
    cursor: default;
  }
  .iconButtonContainer-d0-0-2-2 {
    background-color: #111111;
    border-radius: 16px;
    opacity: 0.56;
    width: 32px;
  }
  .icon-0-2-15 {
    font-family: natds-icons;
    user-select: none;
    pointer-events: none;
  }
  .icon-d0-0-2-16 {
    color: #363636;
    font-size: 24px;
  }",
  <div>
    <div
      class="wrapper-0-2-6 wrapper-d0-0-2-11"
      data-testid="ripple-wrapper"
      tabindex="-1"
    >
      <div
        class="rippleContainer-0-2-8 rippleContainer-d2-0-2-13"
      >
        <div
          class="ripple-0-2-7 ripple-d1-0-2-12 "
          data-testid="ripple-animation"
        />
      </div>
      <button
        aria-label=""
        class=" iconButtonContainer-0-2-1 iconButtonContainer-d0-0-2-2 IconButton-gaya base-0-2-3 base-d0-0-2-4"
        type="button"
      >
        <i
          aria-hidden="true"
          class=" icon-0-2-15 icon-d0-0-2-16 natds-icons natds-icons-outlined-default-mockup Icon-gaya"
          data-testid="icon-outlined-default-mockup"
          role="img"
        />
      </button>
    </div>
  </div>,
]
`;

exports[`Icon Button component should render correctly when the backgroundStyle is overlay and is disabled 1`] = `
Array [
  ".sharedRippleEffect-0-2-5 {
  top: 0;
  left: 0;
  width: 100%;
  height: 100%;
  content: \\" \\";
  z-index: -1;
  position: absolute;
}
.wrapper-0-2-6 {
  height: fit-content;
  outline: none;
  position: relative;
}
.wrapper-0-2-6:focus:after {
  top: 0;
  left: 0;
  width: 100%;
  height: 100%;
  content: \\" \\";
  opacity: 0.16;
  z-index: -1;
  position: absolute;
}
.wrapper-0-2-6:hover:after {
  top: 0;
  left: 0;
  width: 100%;
  height: 100%;
  content: \\" \\";
  z-index: -1;
  position: absolute;
}
.ripple-0-2-7 {
  opacity: 0;
  position: absolute;
  transform: translate(-50%, -50%);
  border-radius: 50%;
}
.rippleContainer-0-2-8 {
  inset: 0;
  position: absolute;
}
.rippleActive-0-2-9 {
  z-index: 99;
}
@keyframes keyframes-ripple-0-2-10 {
  0% {
    transform: translate(-50%, -50%) scale(0);
  }
  75% {
    opacity: 0.12;
    transform: translate(-50%, -50%) scale(1);
  }
  100% {
    opacity: 0;
    z-index: 0;
  }
}
  .wrapper-d0-0-2-11 {
    cursor: default;
    display: inline-block;
    align-self: start;
  }
  .wrapper-d0-0-2-11:focus:after {
    border-radius: none;
  }
  .wrapper-d0-0-2-11:hover:after {
    background-color: #111111;
    opacity: 0;
    border-radius: none;
  }
  .ripple-d1-0-2-12 {
    background-color: #111111;
    height: 0;
    left: 50%;
    top: 50%;
    transition: scale opacity 300ms;
    width: 0;
  }
  .rippleContainer-d2-0-2-13 {
    overflow: hidden;
    border-radius: 4px;
  }
  .rippleActive-d3-0-2-14 {
    animation: keyframes-ripple-0-2-10 300ms;
  }
  .base-0-2-3 {
    border: none;
    cursor: pointer;
    display: flex;
    outline: none;
    align-items: center;
    justify-content: center;
  }
  .base-0-2-3:disabled {
    cursor: default;
  }
  .base-d0-0-2-4 {
    height: 32px;
    width: 32px;
  }
  .iconButtonContainer-0-2-1 {
    overflow: hidden;
    position: relative;
  }
  .iconButtonContainer-0-2-1:after {
    top: 0;
    left: 0;
    width: 100%;
    height: 100%;
    content: \\" \\";
    opacity: 0;
    position: absolute;
    background-color: #111111;
  }
  .iconButtonContainer-0-2-1:hover:not([disabled]):after {
    opacity: 0.04;
  }
  .iconButtonContainer-0-2-1:focus:not([disabled]):after {
    opacity: 0.12;
  }
  .iconButtonContainer-0-2-1:disabled {
    cursor: default;
  }
  .iconButtonContainer-d0-0-2-2 {
    background-color: #111111;
    border-radius: 16px;
    opacity: 0.56;
    width: 32px;
  }
  .icon-0-2-15 {
    font-family: natds-icons;
    user-select: none;
    pointer-events: none;
  }
  .icon-d0-0-2-16 {
    color: #8c8c8c;
    font-size: 24px;
  }",
  <div>
    <div
      class="wrapper-0-2-6 wrapper-d0-0-2-11"
      data-testid="ripple-wrapper"
      tabindex="-1"
    >
      <div
        class="rippleContainer-0-2-8 rippleContainer-d2-0-2-13"
      >
        <div
          class="ripple-0-2-7 ripple-d1-0-2-12 "
          data-testid="ripple-animation"
        />
      </div>
      <button
        aria-label=""
        class=" iconButtonContainer-0-2-1 iconButtonContainer-d0-0-2-2 IconButton-gaya base-0-2-3 base-d0-0-2-4"
        disabled=""
        type="button"
      >
        <i
          aria-hidden="true"
          class=" icon-0-2-15 icon-d0-0-2-16 natds-icons natds-icons-outlined-default-mockup Icon-gaya"
          data-testid="icon-outlined-default-mockup"
          role="img"
        />
      </button>
    </div>
  </div>,
]
`;

exports[`Icon Button component should render correctly when the color is primary 1`] = `
Array [
  ".sharedRippleEffect-0-2-5 {
  top: 0;
  left: 0;
  width: 100%;
  height: 100%;
  content: \\" \\";
  z-index: -1;
  position: absolute;
}
.wrapper-0-2-6 {
  height: fit-content;
  outline: none;
  position: relative;
}
.wrapper-0-2-6:focus:after {
  top: 0;
  left: 0;
  width: 100%;
  height: 100%;
  content: \\" \\";
  opacity: 0.16;
  z-index: -1;
  position: absolute;
}
.wrapper-0-2-6:hover:after {
  top: 0;
  left: 0;
  width: 100%;
  height: 100%;
  content: \\" \\";
  z-index: -1;
  position: absolute;
}
.ripple-0-2-7 {
  opacity: 0;
  position: absolute;
  transform: translate(-50%, -50%);
  border-radius: 50%;
}
.rippleContainer-0-2-8 {
  inset: 0;
  position: absolute;
}
.rippleActive-0-2-9 {
  z-index: 99;
}
@keyframes keyframes-ripple-0-2-10 {
  0% {
    transform: translate(-50%, -50%) scale(0);
  }
  75% {
    opacity: 0.12;
    transform: translate(-50%, -50%) scale(1);
  }
  100% {
    opacity: 0;
    z-index: 0;
  }
}
  .wrapper-d0-0-2-11 {
    cursor: pointer;
    display: inline-block;
    align-self: start;
  }
  .wrapper-d0-0-2-11:focus:after {
    border-radius: none;
  }
  .wrapper-d0-0-2-11:hover:after {
    background-color: #111111;
    opacity: 0;
    border-radius: none;
  }
  .ripple-d1-0-2-12 {
    background-color: #111111;
    height: 0;
    left: 50%;
    top: 50%;
    transition: scale opacity 300ms;
    width: 0;
  }
  .rippleContainer-d2-0-2-13 {
    overflow: hidden;
    border-radius: 4px;
  }
  .rippleActive-d3-0-2-14 {
    animation: keyframes-ripple-0-2-10 300ms;
  }
  .base-0-2-3 {
    border: none;
    cursor: pointer;
    display: flex;
    outline: none;
    align-items: center;
    justify-content: center;
  }
  .base-0-2-3:disabled {
    cursor: default;
  }
  .base-d0-0-2-4 {
    height: 32px;
    width: 32px;
  }
  .iconButtonContainer-0-2-1 {
    overflow: hidden;
    position: relative;
  }
  .iconButtonContainer-0-2-1:after {
    top: 0;
    left: 0;
    width: 100%;
    height: 100%;
    content: \\" \\";
    opacity: 0;
    position: absolute;
    background-color: #111111;
  }
  .iconButtonContainer-0-2-1:hover:not([disabled]):after {
    opacity: 0.04;
  }
  .iconButtonContainer-0-2-1:focus:not([disabled]):after {
    opacity: 0.12;
  }
  .iconButtonContainer-0-2-1:disabled {
    cursor: default;
  }
  .iconButtonContainer-d0-0-2-2 {
    background-color: transparent;
    border-radius: 16px;
    width: 32px;
  }
  .icon-0-2-15 {
    font-family: natds-icons;
    user-select: none;
    pointer-events: none;
  }
  .icon-d0-0-2-16 {
    color: #f4ab34;
    font-size: 24px;
  }",
  <div>
    <div
      class="wrapper-0-2-6 wrapper-d0-0-2-11"
      data-testid="ripple-wrapper"
      tabindex="-1"
    >
      <div
        class="rippleContainer-0-2-8 rippleContainer-d2-0-2-13"
      >
        <div
          class="ripple-0-2-7 ripple-d1-0-2-12 "
          data-testid="ripple-animation"
        />
      </div>
      <button
        aria-label=""
        class=" iconButtonContainer-0-2-1 iconButtonContainer-d0-0-2-2 IconButton-gaya base-0-2-3 base-d0-0-2-4"
        type="button"
      >
        <i
          aria-hidden="true"
          class=" icon-0-2-15 icon-d0-0-2-16 natds-icons natds-icons-outlined-default-mockup Icon-gaya"
          data-testid="icon-outlined-default-mockup"
          role="img"
        />
      </button>
    </div>
  </div>,
]
`;

exports[`Icon Button component should render correctly when the color is surface 1`] = `
Array [
  ".sharedRippleEffect-0-2-5 {
  top: 0;
  left: 0;
  width: 100%;
  height: 100%;
  content: \\" \\";
  z-index: -1;
  position: absolute;
}
.wrapper-0-2-6 {
  height: fit-content;
  outline: none;
  position: relative;
}
.wrapper-0-2-6:focus:after {
  top: 0;
  left: 0;
  width: 100%;
  height: 100%;
  content: \\" \\";
  opacity: 0.16;
  z-index: -1;
  position: absolute;
}
.wrapper-0-2-6:hover:after {
  top: 0;
  left: 0;
  width: 100%;
  height: 100%;
  content: \\" \\";
  z-index: -1;
  position: absolute;
}
.ripple-0-2-7 {
  opacity: 0;
  position: absolute;
  transform: translate(-50%, -50%);
  border-radius: 50%;
}
.rippleContainer-0-2-8 {
  inset: 0;
  position: absolute;
}
.rippleActive-0-2-9 {
  z-index: 99;
}
@keyframes keyframes-ripple-0-2-10 {
  0% {
    transform: translate(-50%, -50%) scale(0);
  }
  75% {
    opacity: 0.12;
    transform: translate(-50%, -50%) scale(1);
  }
  100% {
    opacity: 0;
    z-index: 0;
  }
}
  .wrapper-d0-0-2-11 {
    cursor: pointer;
    display: inline-block;
    align-self: start;
  }
  .wrapper-d0-0-2-11:focus:after {
    border-radius: none;
  }
  .wrapper-d0-0-2-11:hover:after {
    background-color: #111111;
    opacity: 0;
    border-radius: none;
  }
  .ripple-d1-0-2-12 {
    background-color: #111111;
    height: 0;
    left: 50%;
    top: 50%;
    transition: scale opacity 300ms;
    width: 0;
  }
  .rippleContainer-d2-0-2-13 {
    overflow: hidden;
    border-radius: 4px;
  }
  .rippleActive-d3-0-2-14 {
    animation: keyframes-ripple-0-2-10 300ms;
  }
  .base-0-2-3 {
    border: none;
    cursor: pointer;
    display: flex;
    outline: none;
    align-items: center;
    justify-content: center;
  }
  .base-0-2-3:disabled {
    cursor: default;
  }
  .base-d0-0-2-4 {
    height: 32px;
    width: 32px;
  }
  .iconButtonContainer-0-2-1 {
    overflow: hidden;
    position: relative;
  }
  .iconButtonContainer-0-2-1:after {
    top: 0;
    left: 0;
    width: 100%;
    height: 100%;
    content: \\" \\";
    opacity: 0;
    position: absolute;
    background-color: #111111;
  }
  .iconButtonContainer-0-2-1:hover:not([disabled]):after {
    opacity: 0.04;
  }
  .iconButtonContainer-0-2-1:focus:not([disabled]):after {
    opacity: 0.12;
  }
  .iconButtonContainer-0-2-1:disabled {
    cursor: default;
  }
  .iconButtonContainer-d0-0-2-2 {
    background-color: transparent;
    border-radius: 16px;
    width: 32px;
  }
  .icon-0-2-15 {
    font-family: natds-icons;
    user-select: none;
    pointer-events: none;
  }
  .icon-d0-0-2-16 {
    color: #ffffff;
    font-size: 24px;
  }",
  <div>
    <div
      class="wrapper-0-2-6 wrapper-d0-0-2-11"
      data-testid="ripple-wrapper"
      tabindex="-1"
    >
      <div
        class="rippleContainer-0-2-8 rippleContainer-d2-0-2-13"
      >
        <div
          class="ripple-0-2-7 ripple-d1-0-2-12 "
          data-testid="ripple-animation"
        />
      </div>
      <button
        aria-label=""
        class=" iconButtonContainer-0-2-1 iconButtonContainer-d0-0-2-2 IconButton-gaya base-0-2-3 base-d0-0-2-4"
        type="button"
      >
        <i
          aria-hidden="true"
          class=" icon-0-2-15 icon-d0-0-2-16 natds-icons natds-icons-outlined-default-mockup Icon-gaya"
          data-testid="icon-outlined-default-mockup"
          role="img"
        />
      </button>
    </div>
  </div>,
]
`;

exports[`Icon Button component should render correctly when the size is medium 1`] = `
Array [
  ".sharedRippleEffect-0-2-5 {
  top: 0;
  left: 0;
  width: 100%;
  height: 100%;
  content: \\" \\";
  z-index: -1;
  position: absolute;
}
.wrapper-0-2-6 {
  height: fit-content;
  outline: none;
  position: relative;
}
.wrapper-0-2-6:focus:after {
  top: 0;
  left: 0;
  width: 100%;
  height: 100%;
  content: \\" \\";
  opacity: 0.16;
  z-index: -1;
  position: absolute;
}
.wrapper-0-2-6:hover:after {
  top: 0;
  left: 0;
  width: 100%;
  height: 100%;
  content: \\" \\";
  z-index: -1;
  position: absolute;
}
.ripple-0-2-7 {
  opacity: 0;
  position: absolute;
  transform: translate(-50%, -50%);
  border-radius: 50%;
}
.rippleContainer-0-2-8 {
  inset: 0;
  position: absolute;
}
.rippleActive-0-2-9 {
  z-index: 99;
}
@keyframes keyframes-ripple-0-2-10 {
  0% {
    transform: translate(-50%, -50%) scale(0);
  }
  75% {
    opacity: 0.12;
    transform: translate(-50%, -50%) scale(1);
  }
  100% {
    opacity: 0;
    z-index: 0;
  }
}
  .wrapper-d0-0-2-11 {
    cursor: pointer;
    display: inline-block;
    align-self: start;
  }
  .wrapper-d0-0-2-11:focus:after {
    border-radius: none;
  }
  .wrapper-d0-0-2-11:hover:after {
    background-color: #111111;
    opacity: 0;
    border-radius: none;
  }
  .ripple-d1-0-2-12 {
    background-color: #111111;
    height: 0;
    left: 50%;
    top: 50%;
    transition: scale opacity 300ms;
    width: 0;
  }
  .rippleContainer-d2-0-2-13 {
    overflow: hidden;
    border-radius: 4px;
  }
  .rippleActive-d3-0-2-14 {
    animation: keyframes-ripple-0-2-10 300ms;
  }
  .base-0-2-3 {
    border: none;
    cursor: pointer;
    display: flex;
    outline: none;
    align-items: center;
    justify-content: center;
  }
  .base-0-2-3:disabled {
    cursor: default;
  }
  .base-d0-0-2-4 {
    height: 48px;
    width: 48px;
  }
  .iconButtonContainer-0-2-1 {
    overflow: hidden;
    position: relative;
  }
  .iconButtonContainer-0-2-1:after {
    top: 0;
    left: 0;
    width: 100%;
    height: 100%;
    content: \\" \\";
    opacity: 0;
    position: absolute;
    background-color: #111111;
  }
  .iconButtonContainer-0-2-1:hover:not([disabled]):after {
    opacity: 0.04;
  }
  .iconButtonContainer-0-2-1:focus:not([disabled]):after {
    opacity: 0.12;
  }
  .iconButtonContainer-0-2-1:disabled {
    cursor: default;
  }
  .iconButtonContainer-d0-0-2-2 {
    background-color: transparent;
    border-radius: 24px;
    width: 48px;
  }
  .icon-0-2-15 {
    font-family: natds-icons;
    user-select: none;
    pointer-events: none;
  }
  .icon-d0-0-2-16 {
    color: #363636;
    font-size: 40px;
  }",
  <div>
    <div
      class="wrapper-0-2-6 wrapper-d0-0-2-11"
      data-testid="ripple-wrapper"
      tabindex="-1"
    >
      <div
        class="rippleContainer-0-2-8 rippleContainer-d2-0-2-13"
      >
        <div
          class="ripple-0-2-7 ripple-d1-0-2-12 "
          data-testid="ripple-animation"
        />
      </div>
      <button
        aria-label=""
        class=" iconButtonContainer-0-2-1 iconButtonContainer-d0-0-2-2 IconButton-gaya base-0-2-3 base-d0-0-2-4"
        type="button"
      >
        <i
          aria-hidden="true"
          class=" icon-0-2-15 icon-d0-0-2-16 natds-icons natds-icons-outlined-default-mockup Icon-gaya"
          data-testid="icon-outlined-default-mockup"
          role="img"
        />
      </button>
    </div>
  </div>,
]
`;

exports[`Icon Button component should render correctly when the size is semiX 1`] = `
Array [
  ".sharedRippleEffect-0-2-5 {
  top: 0;
  left: 0;
  width: 100%;
  height: 100%;
  content: \\" \\";
  z-index: -1;
  position: absolute;
}
.wrapper-0-2-6 {
  height: fit-content;
  outline: none;
  position: relative;
}
.wrapper-0-2-6:focus:after {
  top: 0;
  left: 0;
  width: 100%;
  height: 100%;
  content: \\" \\";
  opacity: 0.16;
  z-index: -1;
  position: absolute;
}
.wrapper-0-2-6:hover:after {
  top: 0;
  left: 0;
  width: 100%;
  height: 100%;
  content: \\" \\";
  z-index: -1;
  position: absolute;
}
.ripple-0-2-7 {
  opacity: 0;
  position: absolute;
  transform: translate(-50%, -50%);
  border-radius: 50%;
}
.rippleContainer-0-2-8 {
  inset: 0;
  position: absolute;
}
.rippleActive-0-2-9 {
  z-index: 99;
}
@keyframes keyframes-ripple-0-2-10 {
  0% {
    transform: translate(-50%, -50%) scale(0);
  }
  75% {
    opacity: 0.12;
    transform: translate(-50%, -50%) scale(1);
  }
  100% {
    opacity: 0;
    z-index: 0;
  }
}
  .wrapper-d0-0-2-11 {
    cursor: pointer;
    display: inline-block;
    align-self: start;
  }
  .wrapper-d0-0-2-11:focus:after {
    border-radius: none;
  }
  .wrapper-d0-0-2-11:hover:after {
    background-color: #111111;
    opacity: 0;
    border-radius: none;
  }
  .ripple-d1-0-2-12 {
    background-color: #111111;
    height: 0;
    left: 50%;
    top: 50%;
    transition: scale opacity 300ms;
    width: 0;
  }
  .rippleContainer-d2-0-2-13 {
    overflow: hidden;
    border-radius: 4px;
  }
  .rippleActive-d3-0-2-14 {
    animation: keyframes-ripple-0-2-10 300ms;
  }
  .base-0-2-3 {
    border: none;
    cursor: pointer;
    display: flex;
    outline: none;
    align-items: center;
    justify-content: center;
  }
  .base-0-2-3:disabled {
    cursor: default;
  }
  .base-d0-0-2-4 {
    height: 40px;
    width: 40px;
  }
  .iconButtonContainer-0-2-1 {
    overflow: hidden;
    position: relative;
  }
  .iconButtonContainer-0-2-1:after {
    top: 0;
    left: 0;
    width: 100%;
    height: 100%;
    content: \\" \\";
    opacity: 0;
    position: absolute;
    background-color: #111111;
  }
  .iconButtonContainer-0-2-1:hover:not([disabled]):after {
    opacity: 0.04;
  }
  .iconButtonContainer-0-2-1:focus:not([disabled]):after {
    opacity: 0.12;
  }
  .iconButtonContainer-0-2-1:disabled {
    cursor: default;
  }
  .iconButtonContainer-d0-0-2-2 {
    background-color: transparent;
    border-radius: 20px;
    width: 40px;
  }
  .icon-0-2-15 {
    font-family: natds-icons;
    user-select: none;
    pointer-events: none;
  }
  .icon-d0-0-2-16 {
    color: #363636;
    font-size: 32px;
  }",
  <div>
    <div
      class="wrapper-0-2-6 wrapper-d0-0-2-11"
      data-testid="ripple-wrapper"
      tabindex="-1"
    >
      <div
        class="rippleContainer-0-2-8 rippleContainer-d2-0-2-13"
      >
        <div
          class="ripple-0-2-7 ripple-d1-0-2-12 "
          data-testid="ripple-animation"
        />
      </div>
      <button
        aria-label=""
        class=" iconButtonContainer-0-2-1 iconButtonContainer-d0-0-2-2 IconButton-gaya base-0-2-3 base-d0-0-2-4"
        type="button"
      >
        <i
          aria-hidden="true"
          class=" icon-0-2-15 icon-d0-0-2-16 natds-icons natds-icons-outlined-default-mockup Icon-gaya"
          data-testid="icon-outlined-default-mockup"
          role="img"
        />
      </button>
    </div>
  </div>,
]
`;

exports[`Icon Button component should render correctly with default props 1`] = `
Array [
  ".sharedRippleEffect-0-2-5 {
  top: 0;
  left: 0;
  width: 100%;
  height: 100%;
  content: \\" \\";
  z-index: -1;
  position: absolute;
}
.wrapper-0-2-6 {
  height: fit-content;
  outline: none;
  position: relative;
}
.wrapper-0-2-6:focus:after {
  top: 0;
  left: 0;
  width: 100%;
  height: 100%;
  content: \\" \\";
  opacity: 0.16;
  z-index: -1;
  position: absolute;
}
.wrapper-0-2-6:hover:after {
  top: 0;
  left: 0;
  width: 100%;
  height: 100%;
  content: \\" \\";
  z-index: -1;
  position: absolute;
}
.ripple-0-2-7 {
  opacity: 0;
  position: absolute;
  transform: translate(-50%, -50%);
  border-radius: 50%;
}
.rippleContainer-0-2-8 {
  inset: 0;
  position: absolute;
}
.rippleActive-0-2-9 {
  z-index: 99;
}
@keyframes keyframes-ripple-0-2-10 {
  0% {
    transform: translate(-50%, -50%) scale(0);
  }
  75% {
    opacity: 0.12;
    transform: translate(-50%, -50%) scale(1);
  }
  100% {
    opacity: 0;
    z-index: 0;
  }
}
  .wrapper-d0-0-2-11 {
    cursor: pointer;
    display: inline-block;
    align-self: start;
  }
  .wrapper-d0-0-2-11:focus:after {
    border-radius: none;
  }
  .wrapper-d0-0-2-11:hover:after {
    background-color: #111111;
    opacity: 0;
    border-radius: none;
  }
  .ripple-d1-0-2-12 {
    background-color: #111111;
    height: 0;
    left: 50%;
    top: 50%;
    transition: scale opacity 300ms;
    width: 0;
  }
  .rippleContainer-d2-0-2-13 {
    overflow: hidden;
    border-radius: 4px;
  }
  .rippleActive-d3-0-2-14 {
    animation: keyframes-ripple-0-2-10 300ms;
  }
  .base-0-2-3 {
    border: none;
    cursor: pointer;
    display: flex;
    outline: none;
    align-items: center;
    justify-content: center;
  }
  .base-0-2-3:disabled {
    cursor: default;
  }
  .base-d0-0-2-4 {
    height: 32px;
    width: 32px;
  }
  .iconButtonContainer-0-2-1 {
    overflow: hidden;
    position: relative;
  }
  .iconButtonContainer-0-2-1:after {
    top: 0;
    left: 0;
    width: 100%;
    height: 100%;
    content: \\" \\";
    opacity: 0;
    position: absolute;
    background-color: #111111;
  }
  .iconButtonContainer-0-2-1:hover:not([disabled]):after {
    opacity: 0.04;
  }
  .iconButtonContainer-0-2-1:focus:not([disabled]):after {
    opacity: 0.12;
  }
  .iconButtonContainer-0-2-1:disabled {
    cursor: default;
  }
  .iconButtonContainer-d0-0-2-2 {
    background-color: transparent;
    border-radius: 16px;
    width: 32px;
  }
  .icon-0-2-15 {
    font-family: natds-icons;
    user-select: none;
    pointer-events: none;
  }
  .icon-d0-0-2-16 {
    color: #363636;
    font-size: 24px;
  }",
  <div>
    <div
      class="wrapper-0-2-6 wrapper-d0-0-2-11"
      data-testid="ripple-wrapper"
      tabindex="-1"
    >
      <div
        class="rippleContainer-0-2-8 rippleContainer-d2-0-2-13"
      >
        <div
          class="ripple-0-2-7 ripple-d1-0-2-12 "
          data-testid="ripple-animation"
        />
      </div>
      <button
        aria-label=""
        class=" iconButtonContainer-0-2-1 iconButtonContainer-d0-0-2-2 IconButton-gaya base-0-2-3 base-d0-0-2-4"
        type="button"
      >
        <i
          aria-hidden="true"
          class=" icon-0-2-15 icon-d0-0-2-16 natds-icons natds-icons-outlined-default-mockup Icon-gaya"
          data-testid="icon-outlined-default-mockup"
          role="img"
        />
      </button>
    </div>
  </div>,
]
`;
