// Jest Snapshot v1, https://goo.gl/fbAQLP

exports[`RadioButton should render correctly when is checked 1`] = `
Array [
  ".sharedRippleEffect-0-2-7 {
  top: 0;
  left: 0;
  width: 100%;
  height: 100%;
  content: \\" \\";
  z-index: -1;
  position: absolute;
}
.wrapper-0-2-8 {
  height: fit-content;
  outline: none;
  position: relative;
}
.wrapper-0-2-8:focus:after {
  top: 0;
  left: 0;
  width: 100%;
  height: 100%;
  content: \\" \\";
  opacity: 0.16;
  z-index: -1;
  position: absolute;
}
.wrapper-0-2-8:hover:after {
  top: 0;
  left: 0;
  width: 100%;
  height: 100%;
  content: \\" \\";
  z-index: -1;
  position: absolute;
}
.ripple-0-2-9 {
  opacity: 0;
  position: absolute;
  transform: translate(-50%, -50%);
  border-radius: 50%;
}
.rippleContainer-0-2-10 {
  inset: 0;
  position: absolute;
}
.rippleActive-0-2-11 {
  z-index: 99;
}
@keyframes keyframes-ripple-0-2-12 {
  0% {
    transform: translate(-50%, -50%) scale(0);
  }
  75% {
    opacity: 0.12;
    transform: translate(-50%, -50%) scale(1);
  }
  100% {
    opacity: 0;
    z-index: 0;
  }
}
  .wrapper-d0-0-2-13 {
    cursor: pointer;
    display: inline-block;
    align-self: start;
  }
  .wrapper-d0-0-2-13:focus:after {
    background-color: #f4ab34;
    border-radius: 50%;
  }
  .wrapper-d0-0-2-13:hover:after {
    background-color: #f4ab34;
    opacity: 0.16;
    border-radius: 50%;
  }
  .ripple-d1-0-2-14 {
    background-color: #f4ab34;
    height: 0;
    left: 50%;
    top: 50%;
    transition: scale opacity 500ms;
    width: 0;
  }
  .rippleContainer-d2-0-2-15 {
    border-radius: 4px;
  }
  .rippleActive-d3-0-2-16 {
    animation: keyframes-ripple-0-2-12 500ms;
  }
  .wrapper-0-2-1 {
    width: 40px;
    height: 40px;
    display: flex;
    align-items: center;
    justify-content: center;
  }
  .radioButton-0-2-2 {
    width: 18px;
    border: 2px solid #737373;
    cursor: pointer;
    height: 18px;
    margin: 0;
    display: inline-block;
    position: relative;
    appearance: none;
    border-radius: 12px;
  }
  .radioButton-0-2-2:focus {
    outline: none;
  }
  .radioButton-0-2-2:disabled {
    border: 2px solid #8c8c8c;
    cursor: default;
  }
  .radioButton-0-2-2:checked {
    background-color: #ffffff;
  }
  .radioButton-0-2-2:checked:after {
    top: 50%;
    left: 50%;
    width: 8px;
    height: 8px;
    content: \\"\\";
    display: inline-block;
    position: absolute;
    font-size: 18px;
    transform: translate(-50%, -50%);
    text-align: center;
    border-radius: 50%;
  }
  .radioButton-0-2-2:checked:disabled {
    border: 2px solid #8c8c8c;
  }
  .container-0-2-3 {
    display: flex;
    align-items: center;
  }
  .labelText-0-2-4 {
    font-size: 14px;
    font-family: Roboto, Arial;
    font-weight: 400;
    line-height: 1.5;
    letter-spacing: 0.22px;
  }
  .radioButton-d0-0-2-5 {  }
  .radioButton-d0-0-2-5:checked {
    border: 2px solid #f4ab34;
  }
  .radioButton-d0-0-2-5:checked:after {
    background-color: #f4ab34;
  }
  .labelText-d1-0-2-6 {
    color: #363636;
  }",
  Object {
    "asFragment": [Function],
    "baseElement": <body>
      <div>
        <div
          class=" container-0-2-3 RadioButton-gaya"
        >
          <div
            class="wrapper-0-2-8 wrapper-d0-0-2-13"
            data-testid="ripple-wrapper"
            tabindex="0"
          >
            <div
              class="rippleContainer-0-2-10 rippleContainer-d2-0-2-15"
            >
              <div
                class="ripple-0-2-9 ripple-d1-0-2-14 "
                data-testid="ripple-animation"
              />
            </div>
            <div
              class="wrapper-0-2-1"
            >
              <input
                checked=""
                class="radioButton-0-2-2 radioButton-d0-0-2-5"
                data-testid="ds-RadioButton-any"
                id="any"
                type="radio"
                value="any value"
              />
            </div>
          </div>
        </div>
      </div>
    </body>,
    "container": <div>
      <div
        class=" container-0-2-3 RadioButton-gaya"
      >
        <div
          class="wrapper-0-2-8 wrapper-d0-0-2-13"
          data-testid="ripple-wrapper"
          tabindex="0"
        >
          <div
            class="rippleContainer-0-2-10 rippleContainer-d2-0-2-15"
          >
            <div
              class="ripple-0-2-9 ripple-d1-0-2-14 "
              data-testid="ripple-animation"
            />
          </div>
          <div
            class="wrapper-0-2-1"
          >
            <input
              checked=""
              class="radioButton-0-2-2 radioButton-d0-0-2-5"
              data-testid="ds-RadioButton-any"
              id="any"
              type="radio"
              value="any value"
            />
          </div>
        </div>
      </div>
    </div>,
    "debug": [Function],
    "findAllByAltText": [Function],
    "findAllByDisplayValue": [Function],
    "findAllByLabelText": [Function],
    "findAllByPlaceholderText": [Function],
    "findAllByRole": [Function],
    "findAllByTestId": [Function],
    "findAllByText": [Function],
    "findAllByTitle": [Function],
    "findByAltText": [Function],
    "findByDisplayValue": [Function],
    "findByLabelText": [Function],
    "findByPlaceholderText": [Function],
    "findByRole": [Function],
    "findByTestId": [Function],
    "findByText": [Function],
    "findByTitle": [Function],
    "getAllByAltText": [Function],
    "getAllByDisplayValue": [Function],
    "getAllByLabelText": [Function],
    "getAllByPlaceholderText": [Function],
    "getAllByRole": [Function],
    "getAllByTestId": [Function],
    "getAllByText": [Function],
    "getAllByTitle": [Function],
    "getByAltText": [Function],
    "getByDisplayValue": [Function],
    "getByLabelText": [Function],
    "getByPlaceholderText": [Function],
    "getByRole": [Function],
    "getByTestId": [Function],
    "getByText": [Function],
    "getByTitle": [Function],
    "queryAllByAltText": [Function],
    "queryAllByDisplayValue": [Function],
    "queryAllByLabelText": [Function],
    "queryAllByPlaceholderText": [Function],
    "queryAllByRole": [Function],
    "queryAllByTestId": [Function],
    "queryAllByText": [Function],
    "queryAllByTitle": [Function],
    "queryByAltText": [Function],
    "queryByDisplayValue": [Function],
    "queryByLabelText": [Function],
    "queryByPlaceholderText": [Function],
    "queryByRole": [Function],
    "queryByTestId": [Function],
    "queryByText": [Function],
    "queryByTitle": [Function],
    "rerender": [Function],
    "unmount": [Function],
  },
]
`;

exports[`RadioButton should render correctly when is disabled 1`] = `
Array [
  ".sharedRippleEffect-0-2-7 {
  top: 0;
  left: 0;
  width: 100%;
  height: 100%;
  content: \\" \\";
  z-index: -1;
  position: absolute;
}
.wrapper-0-2-8 {
  height: fit-content;
  outline: none;
  position: relative;
}
.wrapper-0-2-8:focus:after {
  top: 0;
  left: 0;
  width: 100%;
  height: 100%;
  content: \\" \\";
  opacity: 0.16;
  z-index: -1;
  position: absolute;
}
.wrapper-0-2-8:hover:after {
  top: 0;
  left: 0;
  width: 100%;
  height: 100%;
  content: \\" \\";
  z-index: -1;
  position: absolute;
}
.ripple-0-2-9 {
  opacity: 0;
  position: absolute;
  transform: translate(-50%, -50%);
  border-radius: 50%;
}
.rippleContainer-0-2-10 {
  inset: 0;
  position: absolute;
}
.rippleActive-0-2-11 {
  z-index: 99;
}
@keyframes keyframes-ripple-0-2-12 {
  0% {
    transform: translate(-50%, -50%) scale(0);
  }
  75% {
    opacity: 0.12;
    transform: translate(-50%, -50%) scale(1);
  }
  100% {
    opacity: 0;
    z-index: 0;
  }
}
  .wrapper-d0-0-2-13 {
    cursor: default;
    display: inline-block;
    align-self: start;
  }
  .wrapper-d0-0-2-13:focus:after {
    border-radius: 50%;
  }
  .wrapper-d0-0-2-13:hover:after {
    background-color: #111111;
    opacity: 0;
    border-radius: 50%;
  }
  .ripple-d1-0-2-14 {
    background-color: #111111;
    height: 0;
    left: 50%;
    top: 50%;
    transition: scale opacity 500ms;
    width: 0;
  }
  .rippleContainer-d2-0-2-15 {
    border-radius: 4px;
  }
  .rippleActive-d3-0-2-16 {
    animation: keyframes-ripple-0-2-12 500ms;
  }
  .wrapper-0-2-1 {
    width: 40px;
    height: 40px;
    display: flex;
    align-items: center;
    justify-content: center;
  }
  .radioButton-0-2-2 {
    width: 18px;
    border: 2px solid #737373;
    cursor: pointer;
    height: 18px;
    margin: 0;
    display: inline-block;
    position: relative;
    appearance: none;
    border-radius: 12px;
  }
  .radioButton-0-2-2:focus {
    outline: none;
  }
  .radioButton-0-2-2:disabled {
    border: 2px solid #8c8c8c;
    cursor: default;
  }
  .radioButton-0-2-2:checked {
    background-color: #ffffff;
  }
  .radioButton-0-2-2:checked:after {
    top: 50%;
    left: 50%;
    width: 8px;
    height: 8px;
    content: \\"\\";
    display: inline-block;
    position: absolute;
    font-size: 18px;
    transform: translate(-50%, -50%);
    text-align: center;
    border-radius: 50%;
  }
  .radioButton-0-2-2:checked:disabled {
    border: 2px solid #8c8c8c;
  }
  .container-0-2-3 {
    display: flex;
    align-items: center;
  }
  .labelText-0-2-4 {
    font-size: 14px;
    font-family: Roboto, Arial;
    font-weight: 400;
    line-height: 1.5;
    letter-spacing: 0.22px;
  }
  .radioButton-d0-0-2-5 {  }
  .radioButton-d0-0-2-5:checked {
    border: 2px solid #f4ab34;
  }
  .radioButton-d0-0-2-5:checked:after {
    background-color: #8c8c8c;
  }
  .labelText-d1-0-2-6 {
    color: #8c8c8c;
  }",
  <div>
    <div
      class=" container-0-2-3 RadioButton-gaya"
    >
      <div
        class="wrapper-0-2-8 wrapper-d0-0-2-13"
        data-testid="ripple-wrapper"
        tabindex="0"
      >
        <div
          class="rippleContainer-0-2-10 rippleContainer-d2-0-2-15"
        >
          <div
            class="ripple-0-2-9 ripple-d1-0-2-14 "
            data-testid="ripple-animation"
          />
        </div>
        <div
          class="wrapper-0-2-1"
        >
          <input
            class="radioButton-0-2-2 radioButton-d0-0-2-5"
            data-testid="ds-RadioButton-any"
            disabled=""
            id="any"
            type="radio"
            value="any value"
          />
        </div>
      </div>
    </div>
  </div>,
]
`;

exports[`RadioButton should render correctly with default props 1`] = `
Array [
  ".sharedRippleEffect-0-2-7 {
  top: 0;
  left: 0;
  width: 100%;
  height: 100%;
  content: \\" \\";
  z-index: -1;
  position: absolute;
}
.wrapper-0-2-8 {
  height: fit-content;
  outline: none;
  position: relative;
}
.wrapper-0-2-8:focus:after {
  top: 0;
  left: 0;
  width: 100%;
  height: 100%;
  content: \\" \\";
  opacity: 0.16;
  z-index: -1;
  position: absolute;
}
.wrapper-0-2-8:hover:after {
  top: 0;
  left: 0;
  width: 100%;
  height: 100%;
  content: \\" \\";
  z-index: -1;
  position: absolute;
}
.ripple-0-2-9 {
  opacity: 0;
  position: absolute;
  transform: translate(-50%, -50%);
  border-radius: 50%;
}
.rippleContainer-0-2-10 {
  inset: 0;
  position: absolute;
}
.rippleActive-0-2-11 {
  z-index: 99;
}
@keyframes keyframes-ripple-0-2-12 {
  0% {
    transform: translate(-50%, -50%) scale(0);
  }
  75% {
    opacity: 0.12;
    transform: translate(-50%, -50%) scale(1);
  }
  100% {
    opacity: 0;
    z-index: 0;
  }
}
  .wrapper-d0-0-2-13 {
    cursor: pointer;
    display: inline-block;
    align-self: start;
  }
  .wrapper-d0-0-2-13:focus:after {
    background-color: #111111;
    border-radius: 50%;
  }
  .wrapper-d0-0-2-13:hover:after {
    background-color: #111111;
    opacity: 0.16;
    border-radius: 50%;
  }
  .ripple-d1-0-2-14 {
    background-color: #111111;
    height: 0;
    left: 50%;
    top: 50%;
    transition: scale opacity 500ms;
    width: 0;
  }
  .rippleContainer-d2-0-2-15 {
    border-radius: 4px;
  }
  .rippleActive-d3-0-2-16 {
    animation: keyframes-ripple-0-2-12 500ms;
  }
  .wrapper-0-2-1 {
    width: 40px;
    height: 40px;
    display: flex;
    align-items: center;
    justify-content: center;
  }
  .radioButton-0-2-2 {
    width: 18px;
    border: 2px solid #737373;
    cursor: pointer;
    height: 18px;
    margin: 0;
    display: inline-block;
    position: relative;
    appearance: none;
    border-radius: 12px;
  }
  .radioButton-0-2-2:focus {
    outline: none;
  }
  .radioButton-0-2-2:disabled {
    border: 2px solid #8c8c8c;
    cursor: default;
  }
  .radioButton-0-2-2:checked {
    background-color: #ffffff;
  }
  .radioButton-0-2-2:checked:after {
    top: 50%;
    left: 50%;
    width: 8px;
    height: 8px;
    content: \\"\\";
    display: inline-block;
    position: absolute;
    font-size: 18px;
    transform: translate(-50%, -50%);
    text-align: center;
    border-radius: 50%;
  }
  .radioButton-0-2-2:checked:disabled {
    border: 2px solid #8c8c8c;
  }
  .container-0-2-3 {
    display: flex;
    align-items: center;
  }
  .labelText-0-2-4 {
    font-size: 14px;
    font-family: Roboto, Arial;
    font-weight: 400;
    line-height: 1.5;
    letter-spacing: 0.22px;
  }
  .radioButton-d0-0-2-5 {  }
  .radioButton-d0-0-2-5:checked {
    border: 2px solid #f4ab34;
  }
  .radioButton-d0-0-2-5:checked:after {
    background-color: #f4ab34;
  }
  .labelText-d1-0-2-6 {
    color: #363636;
  }",
  <div>
    <div
      class=" container-0-2-3 RadioButton-gaya"
    >
      <div
        class="wrapper-0-2-8 wrapper-d0-0-2-13"
        data-testid="ripple-wrapper"
        tabindex="0"
      >
        <div
          class="rippleContainer-0-2-10 rippleContainer-d2-0-2-15"
        >
          <div
            class="ripple-0-2-9 ripple-d1-0-2-14 "
            data-testid="ripple-animation"
          />
        </div>
        <div
          class="wrapper-0-2-1"
        >
          <input
            class="radioButton-0-2-2 radioButton-d0-0-2-5"
            data-testid="ds-RadioButton-any"
            id="any"
            type="radio"
            value="any value"
          />
        </div>
      </div>
    </div>
  </div>,
]
`;

exports[`RadioButton should render correctly with label 1`] = `
Array [
  ".sharedRippleEffect-0-2-7 {
  top: 0;
  left: 0;
  width: 100%;
  height: 100%;
  content: \\" \\";
  z-index: -1;
  position: absolute;
}
.wrapper-0-2-8 {
  height: fit-content;
  outline: none;
  position: relative;
}
.wrapper-0-2-8:focus:after {
  top: 0;
  left: 0;
  width: 100%;
  height: 100%;
  content: \\" \\";
  opacity: 0.16;
  z-index: -1;
  position: absolute;
}
.wrapper-0-2-8:hover:after {
  top: 0;
  left: 0;
  width: 100%;
  height: 100%;
  content: \\" \\";
  z-index: -1;
  position: absolute;
}
.ripple-0-2-9 {
  opacity: 0;
  position: absolute;
  transform: translate(-50%, -50%);
  border-radius: 50%;
}
.rippleContainer-0-2-10 {
  inset: 0;
  position: absolute;
}
.rippleActive-0-2-11 {
  z-index: 99;
}
@keyframes keyframes-ripple-0-2-12 {
  0% {
    transform: translate(-50%, -50%) scale(0);
  }
  75% {
    opacity: 0.12;
    transform: translate(-50%, -50%) scale(1);
  }
  100% {
    opacity: 0;
    z-index: 0;
  }
}
  .wrapper-d0-0-2-13 {
    cursor: pointer;
    display: inline-block;
    align-self: start;
  }
  .wrapper-d0-0-2-13:focus:after {
    background-color: #111111;
    border-radius: 50%;
  }
  .wrapper-d0-0-2-13:hover:after {
    background-color: #111111;
    opacity: 0.16;
    border-radius: 50%;
  }
  .ripple-d1-0-2-14 {
    background-color: #111111;
    height: 0;
    left: 50%;
    top: 50%;
    transition: scale opacity 500ms;
    width: 0;
  }
  .rippleContainer-d2-0-2-15 {
    border-radius: 4px;
  }
  .rippleActive-d3-0-2-16 {
    animation: keyframes-ripple-0-2-12 500ms;
  }
  .labelContainer-0-2-17 {
    color: #111111;
    font-family: \\"Roboto\\", Arial;
  }
  .wrapper-0-2-1 {
    width: 40px;
    height: 40px;
    display: flex;
    align-items: center;
    justify-content: center;
  }
  .radioButton-0-2-2 {
    width: 18px;
    border: 2px solid #737373;
    cursor: pointer;
    height: 18px;
    margin: 0;
    display: inline-block;
    position: relative;
    appearance: none;
    border-radius: 12px;
  }
  .radioButton-0-2-2:focus {
    outline: none;
  }
  .radioButton-0-2-2:disabled {
    border: 2px solid #8c8c8c;
    cursor: default;
  }
  .radioButton-0-2-2:checked {
    background-color: #ffffff;
  }
  .radioButton-0-2-2:checked:after {
    top: 50%;
    left: 50%;
    width: 8px;
    height: 8px;
    content: \\"\\";
    display: inline-block;
    position: absolute;
    font-size: 18px;
    transform: translate(-50%, -50%);
    text-align: center;
    border-radius: 50%;
  }
  .radioButton-0-2-2:checked:disabled {
    border: 2px solid #8c8c8c;
  }
  .container-0-2-3 {
    display: flex;
    align-items: center;
  }
  .labelText-0-2-4 {
    font-size: 14px;
    font-family: Roboto, Arial;
    font-weight: 400;
    line-height: 1.5;
    letter-spacing: 0.22px;
  }
  .radioButton-d0-0-2-5 {  }
  .radioButton-d0-0-2-5:checked {
    border: 2px solid #f4ab34;
  }
  .radioButton-d0-0-2-5:checked:after {
    background-color: #f4ab34;
  }
  .labelText-d1-0-2-6 {
    color: #363636;
  }",
  <div>
    <div
      class=" container-0-2-3 RadioButton-gaya"
    >
      <div
        class="wrapper-0-2-8 wrapper-d0-0-2-13"
        data-testid="ripple-wrapper"
        tabindex="0"
      >
        <div
          class="rippleContainer-0-2-10 rippleContainer-d2-0-2-15"
        >
          <div
            class="ripple-0-2-9 ripple-d1-0-2-14 "
            data-testid="ripple-animation"
          />
        </div>
        <div
          class="wrapper-0-2-1"
        >
          <input
            class="radioButton-0-2-2 radioButton-d0-0-2-5"
            data-testid="ds-RadioButton-any"
            id="any"
            type="radio"
            value="any value"
          />
        </div>
      </div>
      <label
        class="labelText-0-2-4 labelText-d1-0-2-6 labelContainer-0-2-17"
        for="any"
      >
        Example
      </label>
    </div>
  </div>,
]
`;
