// Jest Snapshot v1, https://goo.gl/fbAQLP

exports[`Ripple should render correctly with children 1`] = `
Array [
  ".sharedRippleEffect-0-2-1 {
  top: 0;
  left: 0;
  width: 100%;
  height: 100%;
  content: \\" \\";
  z-index: -1;
  position: absolute;
}
.wrapper-0-2-2 {
  height: fit-content;
  outline: none;
  position: relative;
}
.wrapper-0-2-2:focus:after {
  top: 0;
  left: 0;
  width: 100%;
  height: 100%;
  content: \\" \\";
  opacity: 0.16;
  z-index: -1;
  position: absolute;
}
.wrapper-0-2-2:hover:after {
  top: 0;
  left: 0;
  width: 100%;
  height: 100%;
  content: \\" \\";
  z-index: -1;
  position: absolute;
}
.ripple-0-2-3 {
  opacity: 0;
  position: absolute;
  transform: translate(-50%, -50%);
  border-radius: 50%;
}
.rippleContainer-0-2-4 {
  inset: 0;
  position: absolute;
}
.rippleActive-0-2-5 {
  z-index: 99;
}
@keyframes keyframes-ripple-0-2-6 {
  0% {
    transform: translate(-50%, -50%) scale(0);
  }
  75% {
    opacity: 0.12;
    transform: translate(-50%, -50%) scale(1);
  }
  100% {
    opacity: 0;
    z-index: 0;
  }
}
  .wrapper-d0-0-2-7 {
    cursor: pointer;
    display: inline-block;
    align-self: start;
  }
  .wrapper-d0-0-2-7:focus:after {
    border-radius: none;
  }
  .wrapper-d0-0-2-7:hover:after {
    background-color: #111111;
    opacity: 0;
    border-radius: none;
  }
  .ripple-d1-0-2-8 {
    background-color: #111111;
    height: 0;
    left: 0;
    top: 0;
    transition: scale opacity 300ms;
    width: 0;
  }
  .rippleContainer-d2-0-2-9 {
    overflow: hidden;
    border-radius: 4px;
  }
  .rippleActive-d3-0-2-10 {
    animation: keyframes-ripple-0-2-6 300ms;
  }",
  <div>
    <div
      class="wrapper-0-2-2 wrapper-d0-0-2-7"
      data-testid="ripple-wrapper"
      tabindex="-1"
    >
      <div
        class="rippleContainer-0-2-4 rippleContainer-d2-0-2-9"
      >
        <div
          class="ripple-0-2-3 ripple-d1-0-2-8 "
          data-testid="ripple-animation"
        />
      </div>
       any children 
    </div>
  </div>,
]
`;
