// Jest Snapshot v1, https://goo.gl/fbAQLP

exports[`ListItem component should render correctly 1`] = `
Array [
  ".sharedRippleEffect-0-2-3 {
  top: 0;
  left: 0;
  width: 100%;
  height: 100%;
  content: \\" \\";
  z-index: -1;
  position: absolute;
}
.wrapper-0-2-4 {
  height: fit-content;
  outline: none;
  position: relative;
}
.wrapper-0-2-4:focus:after {
  top: 0;
  left: 0;
  width: 100%;
  height: 100%;
  content: \\" \\";
  opacity: 0.16;
  z-index: -1;
  position: absolute;
}
.wrapper-0-2-4:hover:after {
  top: 0;
  left: 0;
  width: 100%;
  height: 100%;
  content: \\" \\";
  z-index: -1;
  position: absolute;
}
.ripple-0-2-5 {
  opacity: 0;
  position: absolute;
  transform: translate(-50%, -50%);
  border-radius: 50%;
}
.rippleContainer-0-2-6 {
  inset: 0;
  position: absolute;
}
.rippleActive-0-2-7 {
  z-index: 99;
}
@keyframes keyframes-ripple-0-2-8 {
  0% {
    transform: translate(-50%, -50%) scale(0);
  }
  75% {
    opacity: 0.12;
    transform: translate(-50%, -50%) scale(1);
  }
  100% {
    opacity: 0;
    z-index: 0;
  }
}
  .wrapper-d0-0-2-9 {
    flex-basis: 100%;
    cursor: default;
    display: block;
    align-self: stretch;
  }
  .wrapper-d0-0-2-9:focus:after {
    border-radius: none;
  }
  .wrapper-d0-0-2-9:hover:after {
    background-color: #111111;
    opacity: 0;
    border-radius: none;
  }
  .ripple-d1-0-2-10 {
    background-color: #111111;
    height: 0;
    left: 0;
    top: 0;
    transition: scale opacity 300ms;
    width: 0;
  }
  .rippleContainer-d2-0-2-11 {
    overflow: hidden;
    border-radius: 4px;
  }
  .rippleActive-d3-0-2-12 {
    animation: keyframes-ripple-0-2-8 300ms;
  }
  .listItem-0-2-1 {
    width: 100%;
    display: flex;
    padding: 8px 16px;
    position: relative;
    box-sizing: border-box;
    min-height: 48px;
    align-items: center;
    font-family: Roboto, sans-serif;
    list-style-type: none;
    background-color: #ffffff;
  }
  .listItem-0-2-1:after {
    top: 0;
    left: 0;
    width: 100%;
    height: 100%;
    content: \\" \\";
    position: absolute;
  }
  .listItem-0-2-1:hover:after {
    opacity: 0.04;
  }
  .listItem-0-2-1:focus:after {  }
  .listItem-d0-0-2-2 {  }
  .listItem-d0-0-2-2:after {
    background-color: #111111;
    opacity: 0;
  }
  .listItem-d0-0-2-2:hover:after {
    background-color: transparent;
  }
  .listItem-d0-0-2-2:focus:after {
    background-color: #111111;
    opacity: 0;
  }",
  <div>
    <div
      class="wrapper-0-2-4 wrapper-d0-0-2-9"
      data-testid="ripple-wrapper"
      tabindex="-1"
    >
      <div
        class="rippleContainer-0-2-6 rippleContainer-d2-0-2-11"
      >
        <div
          class="ripple-0-2-5 ripple-d1-0-2-10 "
          data-testid="ripple-animation"
        />
      </div>
      <li
        class=" listItem-0-2-1 listItem-d0-0-2-2 ListItem-gaya"
        tabindex="0"
      >
        some item here
      </li>
    </div>
  </div>,
]
`;

exports[`ListItem component should render correctly when interaction is selectable and the list item is selected 1`] = `
Array [
  ".sharedRippleEffect-0-2-3 {
  top: 0;
  left: 0;
  width: 100%;
  height: 100%;
  content: \\" \\";
  z-index: -1;
  position: absolute;
}
.wrapper-0-2-4 {
  height: fit-content;
  outline: none;
  position: relative;
}
.wrapper-0-2-4:focus:after {
  top: 0;
  left: 0;
  width: 100%;
  height: 100%;
  content: \\" \\";
  opacity: 0.16;
  z-index: -1;
  position: absolute;
}
.wrapper-0-2-4:hover:after {
  top: 0;
  left: 0;
  width: 100%;
  height: 100%;
  content: \\" \\";
  z-index: -1;
  position: absolute;
}
.ripple-0-2-5 {
  opacity: 0;
  position: absolute;
  transform: translate(-50%, -50%);
  border-radius: 50%;
}
.rippleContainer-0-2-6 {
  inset: 0;
  position: absolute;
}
.rippleActive-0-2-7 {
  z-index: 99;
}
@keyframes keyframes-ripple-0-2-8 {
  0% {
    transform: translate(-50%, -50%) scale(0);
  }
  75% {
    opacity: 0.12;
    transform: translate(-50%, -50%) scale(1);
  }
  100% {
    opacity: 0;
    z-index: 0;
  }
}
  .wrapper-d0-0-2-9 {
    flex-basis: 100%;
    cursor: default;
    display: block;
    align-self: stretch;
  }
  .wrapper-d0-0-2-9:focus:after {
    border-radius: none;
  }
  .wrapper-d0-0-2-9:hover:after {
    background-color: #111111;
    opacity: 0;
    border-radius: none;
  }
  .ripple-d1-0-2-10 {
    background-color: #111111;
    height: 0;
    left: 0;
    top: 0;
    transition: scale opacity 300ms;
    width: 0;
  }
  .rippleContainer-d2-0-2-11 {
    overflow: hidden;
    border-radius: 4px;
  }
  .rippleActive-d3-0-2-12 {
    animation: keyframes-ripple-0-2-8 300ms;
  }
  .listItem-0-2-1 {
    width: 100%;
    display: flex;
    padding: 8px 16px;
    position: relative;
    box-sizing: border-box;
    min-height: 48px;
    align-items: center;
    font-family: Roboto, sans-serif;
    list-style-type: none;
    background-color: #ffffff;
  }
  .listItem-0-2-1:after {
    top: 0;
    left: 0;
    width: 100%;
    height: 100%;
    content: \\" \\";
    position: absolute;
  }
  .listItem-0-2-1:hover:after {
    opacity: 0.04;
  }
  .listItem-0-2-1:focus:after {  }
  .listItem-d0-0-2-2 {
    cursor: pointer;
  }
  .listItem-d0-0-2-2:after {
    background-color: #f4ab34;
    opacity: 0.16;
  }
  .listItem-d0-0-2-2:hover:after {
    background-color: #111111;
  }
  .listItem-d0-0-2-2:focus:after {
    background-color: #f4ab34;
    opacity: 0.16;
  }",
  <div>
    <div
      class="wrapper-0-2-4 wrapper-d0-0-2-9"
      data-testid="ripple-wrapper"
      tabindex="-1"
    >
      <div
        class="rippleContainer-0-2-6 rippleContainer-d2-0-2-11"
      >
        <div
          class="ripple-0-2-5 ripple-d1-0-2-10 "
          data-testid="ripple-animation"
        />
      </div>
      <li
        class=" listItem-0-2-1 listItem-d0-0-2-2 ListItem-gaya"
        tabindex="0"
      >
        some item here
      </li>
    </div>
  </div>,
]
`;

exports[`ListItem component should render correctly with divider 1`] = `
Array [
  ".sharedRippleEffect-0-2-3 {
  top: 0;
  left: 0;
  width: 100%;
  height: 100%;
  content: \\" \\";
  z-index: -1;
  position: absolute;
}
.wrapper-0-2-4 {
  height: fit-content;
  outline: none;
  position: relative;
}
.wrapper-0-2-4:focus:after {
  top: 0;
  left: 0;
  width: 100%;
  height: 100%;
  content: \\" \\";
  opacity: 0.16;
  z-index: -1;
  position: absolute;
}
.wrapper-0-2-4:hover:after {
  top: 0;
  left: 0;
  width: 100%;
  height: 100%;
  content: \\" \\";
  z-index: -1;
  position: absolute;
}
.ripple-0-2-5 {
  opacity: 0;
  position: absolute;
  transform: translate(-50%, -50%);
  border-radius: 50%;
}
.rippleContainer-0-2-6 {
  inset: 0;
  position: absolute;
}
.rippleActive-0-2-7 {
  z-index: 99;
}
@keyframes keyframes-ripple-0-2-8 {
  0% {
    transform: translate(-50%, -50%) scale(0);
  }
  75% {
    opacity: 0.12;
    transform: translate(-50%, -50%) scale(1);
  }
  100% {
    opacity: 0;
    z-index: 0;
  }
}
  .wrapper-d0-0-2-9 {
    flex-basis: 100%;
    cursor: default;
    display: block;
    align-self: stretch;
  }
  .wrapper-d0-0-2-9:focus:after {
    border-radius: none;
  }
  .wrapper-d0-0-2-9:hover:after {
    background-color: #111111;
    opacity: 0;
    border-radius: none;
  }
  .ripple-d1-0-2-10 {
    background-color: #111111;
    height: 0;
    left: 0;
    top: 0;
    transition: scale opacity 300ms;
    width: 0;
  }
  .rippleContainer-d2-0-2-11 {
    overflow: hidden;
    border-radius: 4px;
  }
  .rippleActive-d3-0-2-12 {
    animation: keyframes-ripple-0-2-8 300ms;
  }
  .listItem-0-2-1 {
    width: 100%;
    display: flex;
    padding: 8px 16px;
    position: relative;
    box-sizing: border-box;
    min-height: 48px;
    align-items: center;
    font-family: Roboto, sans-serif;
    list-style-type: none;
    background-color: #ffffff;
  }
  .listItem-0-2-1:after {
    top: 0;
    left: 0;
    width: 100%;
    height: 100%;
    content: \\" \\";
    position: absolute;
  }
  .listItem-0-2-1:hover:after {
    opacity: 0.04;
  }
  .listItem-0-2-1:focus:after {  }
  .listItem-d0-0-2-2 {  }
  .listItem-d0-0-2-2:after {
    background-color: #111111;
    opacity: 0;
  }
  .listItem-d0-0-2-2:hover:after {
    background-color: transparent;
  }
  .listItem-d0-0-2-2:focus:after {
    background-color: #111111;
    opacity: 0;
  }
  .divider-0-2-13 {
    border: 0;
    height: 1px;
    margin-top: 0;
    margin-bottom: 0;
    background-color: #8c8c8c;
  }
  .divider-d0-0-2-14 {
    margin-right: 0;
    margin-left: 0;
  }",
  <div>
    <div
      class="wrapper-0-2-4 wrapper-d0-0-2-9"
      data-testid="ripple-wrapper"
      tabindex="-1"
    >
      <div
        class="rippleContainer-0-2-6 rippleContainer-d2-0-2-11"
      >
        <div
          class="ripple-0-2-5 ripple-d1-0-2-10 "
          data-testid="ripple-animation"
        />
      </div>
      <li
        class=" listItem-0-2-1 listItem-d0-0-2-2 ListItem-gaya"
        tabindex="0"
      >
        some item here
      </li>
      <hr
        class=" divider-0-2-13 divider-d0-0-2-14 Divider-gaya"
      />
    </div>
  </div>,
]
`;
