// Jest Snapshot v1, https://goo.gl/fbAQLP

exports[`Tokens It should match tokens snapshot: Tokens Snapshot 1`] = `
Object {
  "avatarSizes": Object {
    "huge": Object {
      "fontSize": "1.5rem",
      "size": 80,
    },
    "large": Object {
      "fontSize": "1rem",
      "size": 48,
    },
    "small": Object {
      "fontSize": ".875rem",
      "size": 32,
    },
    "standard": Object {
      "fontSize": "1rem",
      "size": 40,
    },
    "tiny": Object {
      "fontSize": ".625rem",
      "size": 24,
    },
  },
  "buttonSizes": Object {
    "large": Object {
      "height": 48,
      "paddingBottom": 0,
      "paddingLeft": 16,
      "paddingRight": 16,
      "paddingTop": 0,
    },
    "medium": Object {
      "height": 40,
      "paddingBottom": 0,
      "paddingLeft": 12,
      "paddingRight": 12,
      "paddingTop": 0,
    },
    "small": Object {
      "height": 32,
      "paddingBottom": 0,
      "paddingLeft": 8,
      "paddingRight": 8,
      "paddingTop": 0,
    },
  },
  "colorTokens": Object {
    "aesopDarkColorTokens": Object {
      "colorAlert": "#ffa392",
      "colorBackground": "#111111",
      "colorHighEmphasis": "#fafafa",
      "colorHighlight": "#ffffff",
      "colorLink": "#a5c0fc",
      "colorLowEmphasis": "#bdbdbd",
      "colorMediumEmphasis": "#c9c9c9",
      "colorOnAlert": "#111111",
      "colorOnBackground": "#ffffff",
      "colorOnLink": "#111111",
      "colorOnPrimary": "#ffffff",
      "colorOnPrimaryDark": "#ffffff",
      "colorOnPrimaryLight": "#ffffff",
      "colorOnSecondary": "#ffffff",
      "colorOnSecondaryDark": "#ffffff",
      "colorOnSecondaryLight": "#ffffff",
      "colorOnSuccess": "#111111",
      "colorOnSurface": "#ffffff",
      "colorOnWarning": "#111111",
      "colorPrimary": "#333333",
      "colorPrimaryDark": "#2b2b2b",
      "colorPrimaryLight": "#545454",
      "colorSecondary": "#a6672b",
      "colorSecondaryDark": "#8b5724",
      "colorSecondaryLight": "#b47f4d",
      "colorSuccess": "#92d492",
      "colorSurface": "#4e4e4e",
      "colorWarning": "#e5b815",
    },
    "aesopLightColorTokens": Object {
      "colorAlert": "#de3529",
      "colorBackground": "#fafafa",
      "colorHighEmphasis": "#363636",
      "colorHighlight": "#111111",
      "colorLink": "#1267cf",
      "colorLowEmphasis": "#8c8c8c",
      "colorMediumEmphasis": "#737373",
      "colorOnAlert": "#ffffff",
      "colorOnBackground": "#111111",
      "colorOnLink": "#ffffff",
      "colorOnPrimary": "#ffffff",
      "colorOnPrimaryDark": "#ffffff",
      "colorOnPrimaryLight": "#ffffff",
      "colorOnSecondary": "#ffffff",
      "colorOnSecondaryDark": "#ffffff",
      "colorOnSecondaryLight": "#ffffff",
      "colorOnSuccess": "#ffffff",
      "colorOnSurface": "#363636",
      "colorOnWarning": "#111111",
      "colorPrimary": "#333333",
      "colorPrimaryDark": "#2b2b2b",
      "colorPrimaryLight": "#545454",
      "colorSecondary": "#a6672b",
      "colorSecondaryDark": "#8b5724",
      "colorSecondaryLight": "#b47f4d",
      "colorSuccess": "#2f833e",
      "colorSurface": "#FFFEF2",
      "colorWarning": "#e5b815",
    },
    "avonDarkColorTokens": Object {
      "colorAlert": "#ffa392",
      "colorBackground": "#111111",
      "colorHighEmphasis": "#fafafa",
      "colorHighlight": "#ffffff",
      "colorLink": "#a5c0fc",
      "colorLowEmphasis": "#bdbdbd",
      "colorMediumEmphasis": "#c9c9c9",
      "colorOnAlert": "#111111",
      "colorOnBackground": "#ffffff",
      "colorOnLink": "#111111",
      "colorOnPrimary": "#ffffff",
      "colorOnPrimaryDark": "#ffffff",
      "colorOnPrimaryLight": "#ffffff",
      "colorOnSecondary": "#ffffff",
      "colorOnSecondaryDark": "#ffffff",
      "colorOnSecondaryLight": "#ffffff",
      "colorOnSuccess": "#111111",
      "colorOnSurface": "#ffffff",
      "colorOnWarning": "#111111",
      "colorPrimary": "#6221bd",
      "colorPrimaryDark": "#5428a3",
      "colorPrimaryLight": "#7d51cc",
      "colorSecondary": "#c2488e",
      "colorSecondaryDark": "#a33c77",
      "colorSecondaryLight": "#cc65a0",
      "colorSuccess": "#92d492",
      "colorSurface": "#4e4e4e",
      "colorWarning": "#e5b815",
    },
    "avonLightColorTokens": Object {
      "colorAlert": "#de3529",
      "colorBackground": "#fafafa",
      "colorHighEmphasis": "#363636",
      "colorHighlight": "#111111",
      "colorLink": "#1267cf",
      "colorLowEmphasis": "#8c8c8c",
      "colorMediumEmphasis": "#737373",
      "colorOnAlert": "#ffffff",
      "colorOnBackground": "#111111",
      "colorOnLink": "#ffffff",
      "colorOnPrimary": "#ffffff",
      "colorOnPrimaryDark": "#ffffff",
      "colorOnPrimaryLight": "#ffffff",
      "colorOnSecondary": "#ffffff",
      "colorOnSecondaryDark": "#ffffff",
      "colorOnSecondaryLight": "#ffffff",
      "colorOnSuccess": "#ffffff",
      "colorOnSurface": "#363636",
      "colorOnWarning": "#111111",
      "colorPrimary": "#6221bd",
      "colorPrimaryDark": "#5428a3",
      "colorPrimaryLight": "#7d51cc",
      "colorSecondary": "#c2488e",
      "colorSecondaryDark": "#a33c77",
      "colorSecondaryLight": "#cc65a0",
      "colorSuccess": "#2f833e",
      "colorSurface": "#ffffff",
      "colorWarning": "#e5b815",
    },
    "avonV2DarkColorTokens": Object {
      "colorAlert": "#ffa392",
      "colorBackground": "#111111",
      "colorHighEmphasis": "#fafafa",
      "colorHighlight": "#ffffff",
      "colorLink": "#a5c0fc",
      "colorLowEmphasis": "#bdbdbd",
      "colorMediumEmphasis": "#c9c9c9",
      "colorOnAlert": "#111111",
      "colorOnBackground": "#ffffff",
      "colorOnLink": "#111111",
      "colorOnPrimary": "#ffffff",
      "colorOnPrimaryDark": "#ffffff",
      "colorOnPrimaryLight": "#000000",
      "colorOnSecondary": "#000000",
      "colorOnSecondaryDark": "#000000",
      "colorOnSecondaryLight": "#000000",
      "colorOnSuccess": "#111111",
      "colorOnSurface": "#ffffff",
      "colorOnWarning": "#111111",
      "colorPrimary": "#ff6388",
      "colorPrimaryDark": "#ff2c64",
      "colorPrimaryLight": "#ff9bb0",
      "colorSecondary": "#d1d1d1",
      "colorSecondaryDark": "#b0b0b0",
      "colorSecondaryLight": "#e7e7e7",
      "colorSuccess": "#92d492",
      "colorSurface": "#4e4e4e",
      "colorWarning": "#e5b815",
    },
    "avonV2LightColorTokens": Object {
      "colorAlert": "#de3529",
      "colorBackground": "#fafafa",
      "colorHighEmphasis": "#363636",
      "colorHighlight": "#111111",
      "colorLink": "#1267cf",
      "colorLowEmphasis": "#8c8c8c",
      "colorMediumEmphasis": "#737373",
      "colorOnAlert": "#ffffff",
      "colorOnBackground": "#111111",
      "colorOnLink": "#ffffff",
      "colorOnPrimary": "#ffffff",
      "colorOnPrimaryDark": "#ffffff",
      "colorOnPrimaryLight": "#000000",
      "colorOnSecondary": "#ffffff",
      "colorOnSecondaryDark": "#ffffff",
      "colorOnSecondaryLight": "#000000",
      "colorOnSuccess": "#ffffff",
      "colorOnSurface": "#363636",
      "colorOnWarning": "#111111",
      "colorPrimary": "#e5004b",
      "colorPrimaryDark": "#b3003b",
      "colorPrimaryLight": "#ff4482",
      "colorSecondary": "#121212",
      "colorSecondaryDark": "#080808",
      "colorSecondaryLight": "#777777",
      "colorSuccess": "#2f833e",
      "colorSurface": "#ffffff",
      "colorWarning": "#e5b815",
    },
    "avonV3DarkColorTokens": Object {
      "colorAlert": "#ffa392",
      "colorBackground": "#111111",
      "colorHighEmphasis": "#fafafa",
      "colorHighlight": "#ffffff",
      "colorLink": "#a5c0fc",
      "colorLowEmphasis": "#bdbdbd",
      "colorMediumEmphasis": "#c9c9c9",
      "colorOnAlert": "#111111",
      "colorOnBackground": "#ffffff",
      "colorOnLink": "#111111",
      "colorOnPrimary": "#ffffff",
      "colorOnPrimaryDark": "#ffffff",
      "colorOnPrimaryLight": "#000000",
      "colorOnSecondary": "#000000",
      "colorOnSecondaryDark": "#000000",
      "colorOnSecondaryLight": "#000000",
      "colorOnSuccess": "#111111",
      "colorOnSurface": "#ffffff",
      "colorOnWarning": "#111111",
      "colorPrimary": "#ff6388",
      "colorPrimaryDark": "#ff2c64",
      "colorPrimaryLight": "#ff9bb0",
      "colorSecondary": "#d1d1d1",
      "colorSecondaryDark": "#b0b0b0",
      "colorSecondaryLight": "#e7e7e7",
      "colorSuccess": "#92d492",
      "colorSurface": "#4e4e4e",
      "colorWarning": "#e5b815",
    },
    "avonV3LightColorTokens": Object {
      "colorAlert": "#de3529",
      "colorBackground": "#fafafa",
      "colorHighEmphasis": "#363636",
      "colorHighlight": "#111111",
      "colorLink": "#1267cf",
      "colorLowEmphasis": "#8c8c8c",
      "colorMediumEmphasis": "#737373",
      "colorOnAlert": "#ffffff",
      "colorOnBackground": "#111111",
      "colorOnLink": "#ffffff",
      "colorOnPrimary": "#ffffff",
      "colorOnPrimaryDark": "#ffffff",
      "colorOnPrimaryLight": "#000000",
      "colorOnSecondary": "#ffffff",
      "colorOnSecondaryDark": "#ffffff",
      "colorOnSecondaryLight": "#000000",
      "colorOnSuccess": "#ffffff",
      "colorOnSurface": "#363636",
      "colorOnWarning": "#111111",
      "colorPrimary": "#e5004b",
      "colorPrimaryDark": "#b3003b",
      "colorPrimaryLight": "#ff4482",
      "colorSecondary": "#121212",
      "colorSecondaryDark": "#080808",
      "colorSecondaryLight": "#777777",
      "colorSuccess": "#2f833e",
      "colorSurface": "#ffffff",
      "colorWarning": "#e5b815",
    },
    "biomeDarkColorTokens": Object {
      "colorAlert": "#ffa392",
      "colorBackground": "#111111",
      "colorHighEmphasis": "#fafafa",
      "colorHighlight": "#ffffff",
      "colorLink": "#a5c0fc",
      "colorLowEmphasis": "#bdbdbd",
      "colorMediumEmphasis": "#c9c9c9",
      "colorOnAlert": "#111111",
      "colorOnBackground": "#ffffff",
      "colorOnLink": "#111111",
      "colorOnPrimary": "#333333",
      "colorOnPrimaryDark": "#333333",
      "colorOnPrimaryLight": "#333333",
      "colorOnSecondary": "#000000",
      "colorOnSecondaryDark": "#000000",
      "colorOnSecondaryLight": "#000000",
      "colorOnSuccess": "#111111",
      "colorOnSurface": "#ffffff",
      "colorOnWarning": "#111111",
      "colorPrimary": "#f3eade",
      "colorPrimaryDark": "#c0b8ac",
      "colorPrimaryLight": "#ffffff",
      "colorSecondary": "#cbffd2",
      "colorSecondaryDark": "#69a172",
      "colorSecondaryLight": "#cbffd2",
      "colorSuccess": "#92d492",
      "colorSurface": "#4e4e4e",
      "colorWarning": "#e5b815",
    },
    "biomeLightColorTokens": Object {
      "colorAlert": "#de3529",
      "colorBackground": "#fafafa",
      "colorHighEmphasis": "#363636",
      "colorHighlight": "#111111",
      "colorLink": "#1267cf",
      "colorLowEmphasis": "#8c8c8c",
      "colorMediumEmphasis": "#737373",
      "colorOnAlert": "#ffffff",
      "colorOnBackground": "#111111",
      "colorOnLink": "#ffffff",
      "colorOnPrimary": "#333333",
      "colorOnPrimaryDark": "#333333",
      "colorOnPrimaryLight": "#333333",
      "colorOnSecondary": "#ffffff",
      "colorOnSecondaryDark": "#ffffff",
      "colorOnSecondaryLight": "#000000",
      "colorOnSuccess": "#ffffff",
      "colorOnSurface": "#363636",
      "colorOnWarning": "#111111",
      "colorPrimary": "#dacabb",
      "colorPrimaryDark": "#a8998b",
      "colorPrimaryLight": "#fffded",
      "colorSecondary": "#00892f",
      "colorSecondaryDark": "#005a00",
      "colorSecondaryLight": "#4cba5c",
      "colorSuccess": "#2f833e",
      "colorSurface": "#ffffff",
      "colorWarning": "#e5b815",
    },
    "naturaDarkColorTokens": Object {
      "colorAlert": "#ffa392",
      "colorBackground": "#111111",
      "colorHighEmphasis": "#fafafa",
      "colorHighlight": "#ffffff",
      "colorLink": "#a5c0fc",
      "colorLowEmphasis": "#bdbdbd",
      "colorMediumEmphasis": "#c9c9c9",
      "colorOnAlert": "#111111",
      "colorOnBackground": "#ffffff",
      "colorOnLink": "#111111",
      "colorOnPrimary": "#333333",
      "colorOnPrimaryDark": "#333333",
      "colorOnPrimaryLight": "#333333",
      "colorOnSecondary": "#000000",
      "colorOnSecondaryDark": "#000000",
      "colorOnSecondaryLight": "#000000",
      "colorOnSuccess": "#111111",
      "colorOnSurface": "#ffffff",
      "colorOnWarning": "#111111",
      "colorPrimary": "#f4ab34",
      "colorPrimaryDark": "#ef8426",
      "colorPrimaryLight": "#fefde8",
      "colorSecondary": "#ff6b0b",
      "colorSecondaryDark": "#ff5808",
      "colorSecondaryLight": "#fff8e1",
      "colorSuccess": "#92d492",
      "colorSurface": "#4e4e4e",
      "colorWarning": "#e5b815",
    },
    "naturaLightColorTokens": Object {
      "colorAlert": "#de3529",
      "colorBackground": "#fafafa",
      "colorHighEmphasis": "#363636",
      "colorHighlight": "#111111",
      "colorLink": "#1267cf",
      "colorLowEmphasis": "#8c8c8c",
      "colorMediumEmphasis": "#737373",
      "colorOnAlert": "#ffffff",
      "colorOnBackground": "#111111",
      "colorOnLink": "#ffffff",
      "colorOnPrimary": "#333333",
      "colorOnPrimaryDark": "#ffffff",
      "colorOnPrimaryLight": "#333333",
      "colorOnSecondary": "#000000",
      "colorOnSecondaryDark": "#ffffff",
      "colorOnSecondaryLight": "#000000",
      "colorOnSuccess": "#ffffff",
      "colorOnSurface": "#363636",
      "colorOnWarning": "#111111",
      "colorPrimary": "#f4ab34",
      "colorPrimaryDark": "#cd902c",
      "colorPrimaryLight": "#f6b854",
      "colorSecondary": "#ff6b0b",
      "colorSecondaryDark": "#d65a09",
      "colorSecondaryLight": "#ff8332",
      "colorSuccess": "#2f833e",
      "colorSurface": "#ffffff",
      "colorWarning": "#e5b815",
    },
    "naturaV3DarkColorTokens": Object {
      "colorAlert": "#ffa392",
      "colorBackground": "#111111",
      "colorHighEmphasis": "#fafafa",
      "colorHighlight": "#ffffff",
      "colorLink": "#a5c0fc",
      "colorLowEmphasis": "#bdbdbd",
      "colorMediumEmphasis": "#c9c9c9",
      "colorOnAlert": "#111111",
      "colorOnBackground": "#ffffff",
      "colorOnLink": "#111111",
      "colorOnPrimary": "#111111",
      "colorOnPrimaryDark": "#111111",
      "colorOnPrimaryLight": "#111111",
      "colorOnSecondary": "#111111",
      "colorOnSecondaryDark": "#111111",
      "colorOnSecondaryLight": "#111111",
      "colorOnSuccess": "#111111",
      "colorOnSurface": "#ffffff",
      "colorOnWarning": "#111111",
      "colorPrimary": "#ffc9ab",
      "colorPrimaryDark": "#ff8442",
      "colorPrimaryLight": "#ffd7c2",
      "colorSecondary": "#ffe1a0",
      "colorSecondaryDark": "#ffc037",
      "colorSecondaryLight": "#ffe8b6",
      "colorSuccess": "#92d492",
      "colorSurface": "#4e4e4e",
      "colorWarning": "#e5b815",
    },
    "naturaV3LightColorTokens": Object {
      "colorAlert": "#de3529",
      "colorBackground": "#fafafa",
      "colorHighEmphasis": "#363636",
      "colorHighlight": "#111111",
      "colorLink": "#1267cf",
      "colorLowEmphasis": "#8c8c8c",
      "colorMediumEmphasis": "#737373",
      "colorOnAlert": "#ffffff",
      "colorOnBackground": "#111111",
      "colorOnLink": "#ffffff",
      "colorOnPrimary": "#111111",
      "colorOnPrimaryDark": "#111111",
      "colorOnPrimaryLight": "#111111",
      "colorOnSecondary": "#111111",
      "colorOnSecondaryDark": "#111111",
      "colorOnSecondaryLight": "#111111",
      "colorOnSuccess": "#ffffff",
      "colorOnSurface": "#363636",
      "colorOnWarning": "#111111",
      "colorPrimary": "#f48646",
      "colorPrimaryDark": "#e05a0d",
      "colorPrimaryLight": "#f7a576",
      "colorSecondary": "#f6be00",
      "colorSecondaryDark": "#b88d00",
      "colorSecondaryLight": "#ffd138",
      "colorSuccess": "#2f833e",
      "colorSurface": "#ffffff",
      "colorWarning": "#e5b815",
    },
    "theBodyShopDarkColorTokens": Object {
      "colorAlert": "#ffa392",
      "colorBackground": "#111111",
      "colorHighEmphasis": "#fafafa",
      "colorHighlight": "#ffffff",
      "colorLink": "#a5c0fc",
      "colorLowEmphasis": "#bdbdbd",
      "colorMediumEmphasis": "#c9c9c9",
      "colorOnAlert": "#111111",
      "colorOnBackground": "#ffffff",
      "colorOnLink": "#111111",
      "colorOnPrimary": "#ffffff",
      "colorOnPrimaryDark": "#ffffff",
      "colorOnPrimaryLight": "#ffffff",
      "colorOnSecondary": "#000000",
      "colorOnSecondaryDark": "#000000",
      "colorOnSecondaryLight": "#000000",
      "colorOnSuccess": "#111111",
      "colorOnSurface": "#ffffff",
      "colorOnWarning": "#111111",
      "colorPrimary": "#004236",
      "colorPrimaryDark": "#00372d",
      "colorPrimaryLight": "#2b6258",
      "colorSecondary": "#d5cd61",
      "colorSecondaryDark": "#b3ac51",
      "colorSecondaryLight": "#dcd57a",
      "colorSuccess": "#92d492",
      "colorSurface": "#4e4e4e",
      "colorWarning": "#e5b815",
    },
    "theBodyShopLightColorTokens": Object {
      "colorAlert": "#de3529",
      "colorBackground": "#fafafa",
      "colorHighEmphasis": "#363636",
      "colorHighlight": "#111111",
      "colorLink": "#1267cf",
      "colorLowEmphasis": "#8c8c8c",
      "colorMediumEmphasis": "#737373",
      "colorOnAlert": "#ffffff",
      "colorOnBackground": "#111111",
      "colorOnLink": "#ffffff",
      "colorOnPrimary": "#ffffff",
      "colorOnPrimaryDark": "#ffffff",
      "colorOnPrimaryLight": "#ffffff",
      "colorOnSecondary": "#000000",
      "colorOnSecondaryDark": "#000000",
      "colorOnSecondaryLight": "#000000",
      "colorOnSuccess": "#ffffff",
      "colorOnSurface": "#363636",
      "colorOnWarning": "#111111",
      "colorPrimary": "#004236",
      "colorPrimaryDark": "#00372d",
      "colorPrimaryLight": "#2b6258",
      "colorSecondary": "#d5cd61",
      "colorSecondaryDark": "#b3ac51",
      "colorSecondaryLight": "#dcd57a",
      "colorSuccess": "#2f833e",
      "colorSurface": "#ffffff",
      "colorWarning": "#e5b815",
    },
  },
  "colors": Object {
    "natura": Object {
      "complementary": Object {
        "colorBrdNatCpBlue1": "#1267cf",
        "colorBrdNatCpBlue2": "#6BB1E2",
        "colorBrdNatCpBlue3": "#54BECF",
        "colorBrdNatCpBlue4": "#8E96A9",
        "colorBrdNatCpBrown1": "#371E14",
        "colorBrdNatCpBrown2": "#5D3B2A",
        "colorBrdNatCpBrown3": "#7A573C",
        "colorBrdNatCpGreen1": "#2f833e",
        "colorBrdNatCpGreen2": "#8EBE2F",
        "colorBrdNatCpGreen3": "#C2CD00",
        "colorBrdNatCpGreen4": "#BEC950",
        "colorBrdNatCpOrange1": "#E8530E",
        "colorBrdNatCpOrange2": "#EE7D00",
        "colorBrdNatCpOrange3": "#F49B00",
        "colorBrdNatCpOrange4": "#e5b815",
        "colorBrdNatCpRed1": "#DC0719",
        "colorBrdNatCpRed2": "#de3529",
        "colorBrdNatCpRed3": "#ED743E",
        "colorBrdNatCpRed4": "#F29669",
        "colorBrdNatCpYellow1": "#CCB619",
        "colorBrdNatCpYellow2": "#E7CE22",
        "colorBrdNatCpYellow3": "#FFD600",
        "colorBrdNatCpYellow4": "#8E96A9",
      },
      "gradient": Object {
        "colorBrdNatGrad1": "linear-gradient(112deg, #FFDA1B 0%, #ff6b0b 100%) 0% 0% no-repeat padding-box",
        "colorBrdNatGrad10": "linear-gradient(112deg, #F17F4D 0%, #A7D8DB 100%) 0% 0% no-repeat padding-box",
        "colorBrdNatGrad11": "linear-gradient(112deg, #E0D5BE 0%, #F17F4D 100%) 0% 0% no-repeat padding-box",
        "colorBrdNatGrad12": "linear-gradient(112deg, #FEED92 0%, #F17F4D 100%) 0% 0% no-repeat padding-box",
        "colorBrdNatGrad13": "linear-gradient(112deg, #BDD78F 0%, #DCEFF3 100%) 0% 0% no-repeat padding-box",
        "colorBrdNatGrad14": "linear-gradient(112deg, #E8E0D1 0%, #DBE7B1 100%) 0% 0% no-repeat padding-box",
        "colorBrdNatGrad15": "linear-gradient(112deg, #FAC6AB 0%, #DCEFF3 100%) 0% 0% no-repeat padding-box",
        "colorBrdNatGrad16": "linear-gradient(112deg, #E8E0D1 0%, #FAC6AB 100%) 0% 0% no-repeat padding-box",
        "colorBrdNatGrad17": "linear-gradient(112deg, #FFEDB5 0%, #FAC6AB 100%) 0% 0% no-repeat padding-box",
        "colorBrdNatGrad2": "linear-gradient(112deg, #86DDD4 0%, #6F38B5 100%) 0% 0% no-repeat padding-box",
        "colorBrdNatGrad3": "linear-gradient(112deg, #728C9E 0%, #FD6C20 100%) 0% 0% no-repeat padding-box",
        "colorBrdNatGrad4": "linear-gradient(112deg, #728C9E 0%, #FEE23E 100%) 0% 0% no-repeat padding-box",
        "colorBrdNatGrad5": "linear-gradient(112deg, #86DDD4 0%, #FD6C20 100%) 0% 0% no-repeat padding-box",
        "colorBrdNatGrad6": "linear-gradient(112deg, #CFDD42 0%, #86DDD4 100%) 0% 0% no-repeat padding-box",
        "colorBrdNatGrad7": "linear-gradient(112deg, #A7D8DB 0%, #755847 100%) 0% 0% no-repeat padding-box",
        "colorBrdNatGrad8": "linear-gradient(112deg, #E0D5BE 0%, #BDD78F 100%) 0% 0% no-repeat padding-box",
        "colorBrdNatGrad9": "linear-gradient(112deg, #F17F4D 0%, #BDD78F 100%) 0% 0% no-repeat padding-box",
      },
      "grayscale": Object {
        "colorBrdBlack": "#363636",
        "colorBrdNatGray": "#111111",
        "colorBrdNatGray1": "#737373",
        "colorBrdNatGray2": "#8c8c8c",
        "colorBrdNatGray3": "#EEEEEE",
      },
      "level": Object {
        "colorLevelBronze": "#C47F5B",
        "colorLevelDiamond": "#AEC2CE",
        "colorLevelGold": "#D8B75E",
        "colorLevelSeed": "#7B6A58",
        "colorLevelSilver": "#9D9D9C",
      },
      "primary": Object {
        "colorBrdNatPrimaryBrown": "#513528",
        "colorBrdNatPrimaryOrange": "#ff6b0b",
        "colorBrdNatPrimaryWhite": "#ffffff",
        "colorBrdNatPrimaryYellow": "#f4ab34",
      },
      "secondary": Object {
        "colorBrdNatSecondaryBlue": "#71CACD",
        "colorBrdNatSecondaryGreen": "#B3CA36",
        "colorBrdNatSecondaryPurple": "#7080A0",
        "colorBrdNatSecondaryYellow": "#FFBA1B",
      },
    },
  },
  "elevation": Object {
    "0": "none",
    "1": "0 1px 1px 0 rgba(0, 0, 0, 0.14)",
    "12": "0 12px 17px 0 rgba(0, 0, 0, 0.14)",
    "16": "0 16px 24px 0 rgba(0, 0, 0, 0.14)",
    "2": "0 2px 2px 0 rgba(0, 0, 0, 0.14)",
    "24": "0 24px 38px 0 rgba(0, 0, 0, 0.14)",
    "3": "0 3px 4px 0 rgba(0, 0, 0, 0.14)",
    "4": "0 4px 5px 0 rgba(0, 0, 0, 0.14)",
    "6": "0 6px 10px 0 rgba(0, 0, 0, 0.14)",
    "8": "0 8px 10px 0 rgba(0, 0, 0, 0.14)",
    "9": "0 9px 12px 0 rgba(0, 0, 0, 0.14)",
    "huge": "0 12px 17px 0 rgba(0, 0, 0, 0.14)",
    "hugeX": "0 16px 24px 0 rgba(0, 0, 0, 0.14)",
    "hugeXX": "0 24px 38px 0 rgba(0, 0, 0, 0.14)",
    "large": "0 6px 10px 0 rgba(0, 0, 0, 0.14)",
    "largeX": "0 8px 10px 0 rgba(0, 0, 0, 0.14)",
    "largeXX": "0 9px 12px 0 rgba(0, 0, 0, 0.14)",
    "medium": "0 4px 5px 0 rgba(0, 0, 0, 0.14)",
    "micro": "0 1px 1px 0 rgba(0, 0, 0, 0.14)",
    "none": "none",
    "small": "0 3px 4px 0 rgba(0, 0, 0, 0.14)",
    "tiny": "0 2px 2px 0 rgba(0, 0, 0, 0.14)",
  },
  "fontSize": Object {
    "body1": Object {
      "fontSize": 16,
      "fontWeight": 400,
      "letterSpacing": 0.51,
      "lineHeight": 1.5,
    },
    "body2": Object {
      "fontSize": 14,
      "fontWeight": 400,
      "letterSpacing": 0.22,
      "lineHeight": 1.5,
    },
    "button": Object {
      "fallback": Object {
        "fontFamily": "Arial",
        "fontWeight": 500,
      },
      "fontSize": 14,
      "letterSpacing": 1.23,
      "lineHeight": 1.5,
      "primary": Object {
        "fontFamily": "Roboto",
        "fontWeight": 500,
      },
    },
    "caption": Object {
      "fontSize": 12,
      "fontWeight": 400,
      "letterSpacing": 0.38,
      "lineHeight": 1.5,
    },
    "h1": Object {
      "fontSize": 96,
      "fontWeight": 400,
      "letterSpacing": 0,
      "lineHeight": 1.5,
    },
    "h2": Object {
      "fontSize": 64,
      "fontWeight": 400,
      "letterSpacing": 0,
      "lineHeight": 1.5,
    },
    "h3": Object {
      "fontSize": 48,
      "fontWeight": 400,
      "letterSpacing": 0,
      "lineHeight": 1.5,
    },
    "h4": Object {
      "fontSize": 32,
      "fontWeight": 400,
      "letterSpacing": 0,
      "lineHeight": 1.5,
    },
    "h5": Object {
      "fontSize": 24,
      "fontWeight": 400,
      "letterSpacing": 0,
      "lineHeight": 1.5,
    },
    "h6": Object {
      "fontSize": 20,
      "fontWeight": 500,
      "letterSpacing": 0.24,
      "lineHeight": 1.5,
    },
    "overline": Object {
      "fontSize": 12,
      "fontWeight": 500,
      "letterSpacing": 1.92,
      "lineHeight": 1.5,
    },
    "subtitle1": Object {
      "fontSize": 16,
      "fontWeight": 500,
      "letterSpacing": 0.13,
      "lineHeight": 1.5,
    },
    "subtitle2": Object {
      "fontSize": 14,
      "fontWeight": 500,
      "letterSpacing": 0.11,
      "lineHeight": 1.5,
    },
  },
  "iconSizes": Object {
    "huge": 144,
    "hugeX": 192,
    "hugeXX": 256,
    "hugex": 192,
    "hugexx": 256,
    "large": 72,
    "largeX": 96,
    "largeXX": 128,
    "largex": 96,
    "largexx": 128,
    "medium": 64,
    "micro": 16,
    "small": 32,
    "standard": 48,
    "tiny": 24,
  },
  "opacity": Object {
    "00": 0,
    "04": 0.04,
    "08": 0.08,
    "12": 0.12,
    "16": 0.16,
    "24": 0.24,
    "32": 0.32,
    "48": 0.48,
    "56": 0.56,
    "64": 0.64,
    "80": 0.8,
    "disabled": 0.32,
    "disabledLow": 0.24,
    "high": 0.64,
    "low": 0.12,
    "lower": 0.04,
    "medium": 0.48,
    "mediumHigh": 0.56,
    "mediumLow": 0.16,
    "opaque": 1,
    "transparent": 0,
    "veryHigh": 0.8,
    "veryLow": 0.08,
  },
  "overlay": Object {
    "solidBlack": 0.56,
  },
  "radius": Object {
    "circle": "50%",
    "huge": 16,
    "large": 8,
    "medium": 4,
    "none": 0,
    "pill": 999,
    "small": 2,
  },
  "sizes": Object {
    "huge": 96,
    "hugeX": 128,
    "hugeXX": 144,
    "hugeXXX": 192,
    "hugex": 128,
    "hugexx": 144,
    "hugexxx": 192,
    "large": 64,
    "largeX": 72,
    "largeXX": 80,
    "largeXXX": 88,
    "largex": 72,
    "largexx": 80,
    "largexxx": 88,
    "medium": 48,
    "mediumX": 56,
    "mediumx": 56,
    "micro": 4,
    "none": 0,
    "semi": 32,
    "semiX": 40,
    "semix": 40,
    "small": 16,
    "standard": 24,
    "tiny": 8,
    "veryHuge": 256,
    "veryhuge": 256,
  },
  "spacing": Object {
    "spacing": 8,
    "spacingHuge": 64,
    "spacingHugeX": 128,
    "spacingHugeXX": 144,
    "spacingHugeXXX": 192,
    "spacingLarge": 48,
    "spacingMicro": 4,
    "spacingNone": 0,
    "spacingSemi": 32,
    "spacingSmall": 16,
    "spacingStandard": 24,
    "spacingTiny": 8,
    "spacingVeryHuge": 256,
  },
}
`;
